Microchip MPLAB XC8 Compiler V2.35

Linker command line:

-W-3 --edf=/opt/microchip/xc8/v2.35/pic/dat/en_msgs.txt -cn \
  -h+dist/default/production/RC_5.X.production.sym \
  --cmf=dist/default/production/RC_5.X.production.cmf -z -Q16F15344 \
  -o/tmp/xcXLalfCm --defsym=__MPLAB_BUILD=1 \
  -Mdist/default/production/RC_5.X.production.map --md=/tmp/xcXFJCNFC.dat \
  -E1 -ver=XC8 Compiler --acfsm=1493 -ACODE=00h-07FFhx2 -ASTRCODE=00h-0FFFh \
  -ASTRING=00h-0FFhx16 -ACONST=00h-0FFhx16 -AENTRY=00h-0FFhx16 \
  -ACOMMON=070h-07Fh -ABANK0=020h-06Fh -ABANK1=0A0h-0EFh \
  -ABANK2=0120h-016Fh -ABANK3=01A0h-01EFh -ABANK4=0220h-026Fh \
  -ABANK5=02A0h-02EFh -ABANK6=0320h-032Fh -ABIGRAM=02000h-021EFh \
  -ARAM=020h-06Fh,0A0h-0EFh,0120h-016Fh,01A0h-01EFh,0220h-026Fh,02A0h-02EFh,0320h-032Fh \
  -AABS1=020h-07Fh,0A0h-0EFh,0120h-016Fh,01A0h-01EFh,0220h-026Fh,02A0h-02EFh,0320h-032Fh \
  -ASFR0=00h-01Fh -ASFR1=080h-09Fh -ASFR2=0100h-011Fh -ASFR3=0180h-019Fh \
  -ASFR4=0200h-021Fh -ASFR5=0280h-029Fh -ASFR6=0300h-031Fh \
  -ASFR7=0380h-03EFh -ASFR8=0400h-046Fh -ASFR9=0480h-04EFh \
  -ASFR10=0500h-056Fh -ASFR11=0580h-05EFh -ASFR12=0600h-066Fh \
  -ASFR13=0680h-06EFh -ASFR14=0700h-076Fh -ASFR15=0780h-07EFh \
  -ASFR16=0800h-086Fh -ASFR17=0880h-08EFh -ASFR18=0900h-096Fh \
  -ASFR19=0980h-09EFh -ASFR20=0A00h-0A6Fh -ASFR21=0A80h-0AEFh \
  -ASFR22=0B00h-0B6Fh -ASFR23=0B80h-0BEFh -ASFR24=0C00h-0C6Fh \
  -ASFR25=0C80h-0CEFh -ASFR26=0D00h-0D6Fh -ASFR27=0D80h-0DEFh \
  -ASFR28=0E00h-0E6Fh -ASFR29=0E80h-0EEFh -ASFR30=0F00h-0F6Fh \
  -ASFR31=0F80h-0FEFh -ASFR32=01000h-0106Fh -ASFR33=01080h-010EFh \
  -ASFR34=01100h-0116Fh -ASFR35=01180h-011EFh -ASFR36=01200h-0126Fh \
  -ASFR37=01280h-012EFh -ASFR38=01300h-0136Fh -ASFR39=01380h-013EFh \
  -ASFR40=01400h-0146Fh -ASFR41=01480h-014EFh -ASFR42=01500h-0156Fh \
  -ASFR43=01580h-015EFh -ASFR44=01600h-0166Fh -ASFR45=01680h-016EFh \
  -ASFR46=01700h-0176Fh -ASFR47=01780h-017EFh -ASFR48=01800h-0186Fh \
  -ASFR49=01880h-018EFh -ASFR50=01900h-0196Fh -ASFR51=01980h-019EFh \
  -ASFR52=01A00h-01A6Fh -ASFR53=01A80h-01AEFh -ASFR54=01B00h-01B6Fh \
  -ASFR55=01B80h-01BEFh -ASFR56=01C00h-01C6Fh -ASFR57=01C80h-01CEFh \
  -ASFR58=01D00h-01D6Fh -ASFR59=01D80h-01DEFh -ASFR60=01E00h-01E6Fh \
  -ASFR61=01E80h-01EEFh -ASFR62=01F00h-01F6Fh -ASFR63=01F80h-01FEFh \
  -ACONFIG=08007h-0800Bh -DCONFIG=2 -AIDLOC=08000h-08003h -DIDLOC=2 \
  -DCODE=2 -DSTRCODE=2 -DSTRING=2 -DCONST=2 -DENTRY=2 \
  -preset_vec=00h,intentry=04h,init,end_init -ppowerup=CODE -pcinit=CODE \
  -pfunctab=ENTRY -k /tmp/xcXEihLdn.o \
  dist/default/production/RC_5.X.production.o 

Object code version is 3.11

Machine type is 16F15344



                Name                               Link     Load   Length Selector   Space Scale
/tmp/xcXEihLdn.o
                end_init                             25       25        2        8       0
                reset_vec                             0        0        2        0       0
                config                             8007     8007        5        0       4
                idloc                              8000     8000        4        0       5
dist/default/production/RC_5.X.production.o
                cinit                                27       27       16        8       0
                intentry                              4        4       21        8       0
                config                             8007     8007        5        0       4
                idloc                              8000     8000        4        0       5
                text33                              73E      73E        3      E28       0
                text32                              6DD      6DD        B        8       0
                text31                              6FC      6FC        9        8       0
                text30                              6BC      6BC       11        8       0
                text29                              73B      73B        3      E28       0
                text28                              5AF      5AF       30        8       0
                text26                              732      732        6      E28       0
                text25                              72C      72C        6      E28       0
                text24                              726      726        6      E28       0
                text23                              630      630       22        8       0
                text22                              6F2      6F2        A        8       0
                text21                              720      720        6      E28       0
                text20                              54C      54C       32        8       0
                text19                              705      705        8        8       0
                text18                              71A      71A        6      E28       0
                text17                              652      652       20        8       0
                text16                              6CD      6CD       10        8       0
                text15                              6E8      6E8        A        8       0
                text14                              6A6      6A6       16        8       0
                text13                              738      738        3      E28       0
                text12                              1A6      1A6      104        8       0
                text11                              2AA      2AA       EA        8       0
                text10                              68C      68C       1A        8       0
                text9                               741      741        1      E28       0
                text8                               4C5      4C5       52        8       0
                text7                               5DF      5DF       29        8       0
                text6                               672      672       1A        8       0
                text5                               46F      46F       56        8       0
                text4                                3D       3D      169        8       0
                text3                               394      394       DB        8       0
                text2                               57E      57E       31        8       0
                text1                               608      608       28        8       0
                maintext                            517      517       35        8       0
                cstackBANK0                          20       20       50       20       1
                cstackCOMMON                         70       70        A       70       1
                cstackBANK1                          D3       D3       12       A0       1
                clrtext                             714      714        6      E28       0
                bssBANK2                            120      120       20      120       1
                bssBANK1                             A0       A0       33       A0       1
                bssCOMMON                            7A       7A        2       70       1
                stringtext1                         70D      70D        7      E1A       0
                nvBANK2                             140      140        2      120       1
                nvBANK1                              E5       E5        A       A0       1

TOTAL           Name                               Link     Load   Length     Space
        CLASS   CODE           
                end_init                             25       25        2         0
                cinit                                27       27       16         0
                intentry                              4        4       21         0
                reset_vec                             0        0        2         0
                text33                              73E      73E        3         0
                text32                              6DD      6DD        B         0
                text31                              6FC      6FC        9         0
                text30                              6BC      6BC       11         0
                text29                              73B      73B        3         0
                text28                              5AF      5AF       30         0
                text26                              732      732        6         0
                text25                              72C      72C        6         0
                text24                              726      726        6         0
                text23                              630      630       22         0
                text22                              6F2      6F2        A         0
                text21                              720      720        6         0
                text20                              54C      54C       32         0
                text19                              705      705        8         0
                text18                              71A      71A        6         0
                text17                              652      652       20         0
                text16                              6CD      6CD       10         0
                text15                              6E8      6E8        A         0
                text14                              6A6      6A6       16         0
                text13                              738      738        3         0
                text12                              1A6      1A6      104         0
                text11                              2AA      2AA       EA         0
                text10                              68C      68C       1A         0
                text9                               741      741        1         0
                text8                               4C5      4C5       52         0
                text7                               5DF      5DF       29         0
                text6                               672      672       1A         0
                text5                               46F      46F       56         0
                text4                                3D       3D      169         0
                text3                               394      394       DB         0
                text2                               57E      57E       31         0
                text1                               608      608       28         0
                maintext                            517      517       35         0
                clrtext                             714      714        6         0

        CLASS   STRCODE        
                stringtext1                         70D      70D        7         0

        CLASS   STRING         

        CLASS   CONST          

        CLASS   ENTRY          

        CLASS   COMMON         
                cstackCOMMON                         70       70        A         1
                bssCOMMON                            7A       7A        2         1

        CLASS   BANK0          
                cstackBANK0                          20       20       50         1

        CLASS   BANK1          
                cstackBANK1                          D3       D3       12         1
                bssBANK1                             A0       A0       33         1
                nvBANK1                              E5       E5        A         1

        CLASS   BANK2          
                bssBANK2                            120      120       20         1
                nvBANK2                             140      140        2         1

        CLASS   BANK3          

        CLASS   BANK4          

        CLASS   BANK5          

        CLASS   BANK6          

        CLASS   BIGRAM         

        CLASS   RAM            

        CLASS   ABS1           
                abs_s1                               7E       7E        2         1

        CLASS   SFR0           

        CLASS   SFR1           

        CLASS   SFR2           

        CLASS   SFR3           

        CLASS   SFR4           

        CLASS   SFR5           

        CLASS   SFR6           

        CLASS   SFR7           

        CLASS   SFR8           

        CLASS   SFR9           

        CLASS   SFR10          

        CLASS   SFR11          

        CLASS   SFR12          

        CLASS   SFR13          

        CLASS   SFR14          

        CLASS   SFR15          

        CLASS   SFR16          

        CLASS   SFR17          

        CLASS   SFR18          

        CLASS   SFR19          

        CLASS   SFR20          

        CLASS   SFR21          

        CLASS   SFR22          

        CLASS   SFR23          

        CLASS   SFR24          

        CLASS   SFR25          

        CLASS   SFR26          

        CLASS   SFR27          

        CLASS   SFR28          

        CLASS   SFR29          

        CLASS   SFR30          

        CLASS   SFR31          

        CLASS   SFR32          

        CLASS   SFR33          

        CLASS   SFR34          

        CLASS   SFR35          

        CLASS   SFR36          

        CLASS   SFR37          

        CLASS   SFR38          

        CLASS   SFR39          

        CLASS   SFR40          

        CLASS   SFR41          

        CLASS   SFR42          

        CLASS   SFR43          

        CLASS   SFR44          

        CLASS   SFR45          

        CLASS   SFR46          

        CLASS   SFR47          

        CLASS   SFR48          

        CLASS   SFR49          

        CLASS   SFR50          

        CLASS   SFR51          

        CLASS   SFR52          

        CLASS   SFR53          

        CLASS   SFR54          

        CLASS   SFR55          

        CLASS   SFR56          

        CLASS   SFR57          

        CLASS   SFR58          

        CLASS   SFR59          

        CLASS   SFR60          

        CLASS   SFR61          

        CLASS   SFR62          

        CLASS   SFR63          

        CLASS   CONFIG         
                config                             8007     8007        5         4

        CLASS   IDLOC          
                idloc                              8000     8000        4         5

        CLASS   BANK63         

        CLASS   BANK62         

        CLASS   BANK61         

        CLASS   BANK60         

        CLASS   BANK59         

        CLASS   BANK58         

        CLASS   BANK57         

        CLASS   BANK56         

        CLASS   BANK55         

        CLASS   BANK54         

        CLASS   BANK53         

        CLASS   BANK52         

        CLASS   BANK51         

        CLASS   BANK50         

        CLASS   BANK49         

        CLASS   BANK48         

        CLASS   BANK47         

        CLASS   BANK46         

        CLASS   BANK45         

        CLASS   BANK44         

        CLASS   BANK43         

        CLASS   BANK42         

        CLASS   BANK41         

        CLASS   BANK40         

        CLASS   BANK39         

        CLASS   BANK38         

        CLASS   BANK37         

        CLASS   BANK36         

        CLASS   BANK35         

        CLASS   BANK34         

        CLASS   BANK33         

        CLASS   BANK32         

        CLASS   BANK31         

        CLASS   BANK30         

        CLASS   BANK29         

        CLASS   BANK28         

        CLASS   BANK27         

        CLASS   BANK26         

        CLASS   BANK25         

        CLASS   BANK24         

        CLASS   BANK23         

        CLASS   BANK22         

        CLASS   BANK21         

        CLASS   BANK20         

        CLASS   BANK19         

        CLASS   BANK18         

        CLASS   BANK17         

        CLASS   BANK16         

        CLASS   BANK15         

        CLASS   BANK14         

        CLASS   BANK13         

        CLASS   BANK12         

        CLASS   BANK11         

        CLASS   BANK10         

        CLASS   BANK9          

        CLASS   BANK8          

        CLASS   BANK7          

        CLASS   HEAP           

        CLASS   STACK          

        CLASS   EEDATA         



SEGMENTS        Name                           Load    Length   Top    Selector   Space  Class     Delta

                reset_vec                      000000  000002  000002         0       0  CODE        2
                clrtext                        000714  00002E  000742       E28       0  CODE        2
                stringtext1                    00070D  000007  000714       E1A       0  STRCODE     2
                intentry                       000004  000709  00070D         8       0  CODE        2
                cstackCOMMON                   000070  00000C  00007C        70       1  COMMON      1
                bssBANK1                       0000A0  00004F  0000EF        A0       1  BANK1       1
                bssBANK2                       000120  000022  000142       120       1  BANK2       1
                cstackBANK0                    000020  000050  000070        20       1  BANK0       1


UNUSED ADDRESS RANGES

        Name                Unused          Largest block    Delta
        BANK1            000EF-000EF               1           1
        BANK2            00142-0016F              2E           1
        BANK3            001A0-001EF              50           1
        BANK4            00220-0026F              50           1
        BANK5            002A0-002EF              50           1
        BANK6            00320-0032F              10           1
        BIGRAM           02000-021EF             1F0           1
        CODE             00002-00003               2           2
                         00742-00FFF              BE
        COMMON           0007C-0007D               2           1
        CONST            00002-00003               2           2
                         00742-00FFF             100
        ENTRY            00002-00003               2           2
                         00742-00FFF             100
        RAM              000EF-000EF               1           1
                         00142-0016F              2E
                         001A0-001EF              50
                         00220-0026F              50
                         002A0-002EF              50
                         00320-0032F              10
        SFR0             00000-0001F              20           1
        SFR1             00080-0009F              20           1
        SFR10            00500-0056F              70           1
        SFR11            00580-005EF              70           1
        SFR12            00600-0066F              70           1
        SFR13            00680-006EF              70           1
        SFR14            00700-0076F              70           1
        SFR15            00780-007EF              70           1
        SFR16            00800-0086F              70           1
        SFR17            00880-008EF              70           1
        SFR18            00900-0096F              70           1
        SFR19            00980-009EF              70           1
        SFR2             00100-0011F              20           1
        SFR20            00A00-00A6F              70           1
        SFR21            00A80-00AEF              70           1
        SFR22            00B00-00B6F              70           1
        SFR23            00B80-00BEF              70           1
        SFR24            00C00-00C6F              70           1
        SFR25            00C80-00CEF              70           1
        SFR26            00D00-00D6F              70           1
        SFR27            00D80-00DEF              70           1
        SFR28            00E00-00E6F              70           1
        SFR29            00E80-00EEF              70           1
        SFR3             00180-0019F              20           1
        SFR30            00F00-00F6F              70           1
        SFR31            00F80-00FEF              70           1
        SFR32            01000-0106F              70           1
        SFR33            01080-010EF              70           1
        SFR34            01100-0116F              70           1
        SFR35            01180-011EF              70           1
        SFR36            01200-0126F              70           1
        SFR37            01280-012EF              70           1
        SFR38            01300-0136F              70           1
        SFR39            01380-013EF              70           1
        SFR4             00200-0021F              20           1
        SFR40            01400-0146F              70           1
        SFR41            01480-014EF              70           1
        SFR42            01500-0156F              70           1
        SFR43            01580-015EF              70           1
        SFR44            01600-0166F              70           1
        SFR45            01680-016EF              70           1
        SFR46            01700-0176F              70           1
        SFR47            01780-017EF              70           1
        SFR48            01800-0186F              70           1
        SFR49            01880-018EF              70           1
        SFR5             00280-0029F              20           1
        SFR50            01900-0196F              70           1
        SFR51            01980-019EF              70           1
        SFR52            01A00-01A6F              70           1
        SFR53            01A80-01AEF              70           1
        SFR54            01B00-01B6F              70           1
        SFR55            01B80-01BEF              70           1
        SFR56            01C00-01C6F              70           1
        SFR57            01C80-01CEF              70           1
        SFR58            01D00-01D6F              70           1
        SFR59            01D80-01DEF              70           1
        SFR6             00300-0031F              20           1
        SFR60            01E00-01E6F              70           1
        SFR61            01E80-01EEF              70           1
        SFR62            01F00-01F6F              70           1
        SFR63            01F80-01FEF              70           1
        SFR7             00380-003EF              70           1
        SFR8             00400-0046F              70           1
        SFR9             00480-004EF              70           1
        STRCODE          00002-00003               2           2
                         00742-00FFF             8BE
        STRING           00002-00003               2           2
                         00742-00FFF             100

                                  Symbol Table

?___aodiv                                       cstackBANK0  00020
?___aomod                                       cstackBANK0  00020
?_abs                                           cstackCOMMON 00075
?_dtoa                                          cstackBANK0  0003A
?_pad                                           cstackBANK0  00028
?_sprintf                                       cstackBANK1  000D3
?_strlen                                        cstackCOMMON 00072
?_vfpfcnvrt                                     cstackBANK0  00058
?_vfprintf                                      cstackBANK0  00068
EUSART1_SetErrorHandler@interruptHandler        cstackCOMMON 00072
EUSART1_SetFramingErrorHandler@interruptHandler cstackCOMMON 00072
EUSART1_SetOverrunErrorHandler@interruptHandler cstackCOMMON 00072
EUSART1_Write@txData                            cstackCOMMON 00072
IOCCF3_SetInterruptHandler@InterruptHandler     cstackCOMMON 00072
Sendto_Uart@st_pt                               cstackCOMMON 00074
TMR1_SetInterruptHandler@InterruptHandler       cstackCOMMON 00072
TMR1_WriteTimer@timerVal                        cstackCOMMON 00070
_ANSELA                                         (abs)        01F38
_ANSELB                                         (abs)        01F43
_ANSELC                                         (abs)        01F4E
_BAUD1CON                                       (abs)        0011F
_Buff                                           bssBANK1     000BF
_EUSART1_DefaultErrorHandler                    (abs)        00000
_EUSART1_DefaultFramingErrorHandler             (abs)        00000
_EUSART1_DefaultOverrunErrorHandler             (abs)        00000
_EUSART1_ErrorHandler                           nvBANK2      00140
_EUSART1_FramingErrorHandler                    nvBANK1      000E7
_EUSART1_Initialize                             text23       00630
_EUSART1_OverrunErrorHandler                    nvBANK1      000E5
_EUSART1_SetErrorHandler                        text26       00732
_EUSART1_SetFramingErrorHandler                 text25       0072C
_EUSART1_SetOverrunErrorHandler                 text24       00726
_EUSART1_Write                                  text15       006E8
_GotData                                        bssBANK1     000A8
_INLVLA                                         (abs)        01F3C
_INLVLB                                         (abs)        01F47
_INLVLC                                         (abs)        01F52
_INTCONbits                                     (abs)        0000B
_INTERRUPT_InterruptManager                     intentry     00004
_IOCCF3_DefaultInterruptHandler                 (abs)        00000
_IOCCF3_ISR                                     text32       006DD
_IOCCF3_InterruptHandler                        nvBANK1      000E9
_IOCCF3_SetInterruptHandler                     text21       00720
_IOCCFbits                                      (abs)        01F55
_IOCCNbits                                      (abs)        01F54
_IOCCPbits                                      (abs)        01F53
_LATA                                           (abs)        00018
_LATB                                           (abs)        00019
_LATC                                           (abs)        0001A
_ODCONA                                         (abs)        01F3A
_ODCONB                                         (abs)        01F45
_ODCONC                                         (abs)        01F50
_OSCCON1                                        (abs)        0088D
_OSCCON3                                        (abs)        0088F
_OSCEN                                          (abs)        00891
_OSCFRQ                                         (abs)        00893
_OSCILLATOR_Initialize                          text22       006F2
_OSCSTAT                                        (abs)        00890
_OSCTUNE                                        (abs)        00892
_PIE0bits                                       (abs)        00716
_PIE4bits                                       (abs)        0071A
_PIN_MANAGER_IOC                                text31       006FC
_PIN_MANAGER_Initialize                         text20       0054C
_PIR0bits                                       (abs)        0070C
_PIR3bits                                       (abs)        0070F
_PIR4bits                                       (abs)        00710
_PMD0                                           (abs)        00796
_PMD1                                           (abs)        00797
_PMD2                                           (abs)        00798
_PMD3                                           (abs)        00799
_PMD4                                           (abs)        0079A
_PMD5                                           (abs)        0079B
_PMD_Initialize                                 text19       00705
_PORTCbits                                      (abs)        0000E
_RC1REG                                         (abs)        00119
_RC1STA                                         (abs)        0011D
_RC1STAbits                                     (abs)        0011D
_RC5PPS                                         (abs)        01F25
_SLRCONA                                        (abs)        01F3B
_SLRCONB                                        (abs)        01F46
_SLRCONC                                        (abs)        01F51
_SP1BRGH                                        (abs)        0011C
_SP1BRGL                                        (abs)        0011B
_SYSTEM_Initialize                              text16       006CD
_Sendto_Uart                                    text14       006A6
_T1CLK                                          (abs)        00211
_T1CON                                          (abs)        0020E
_T1CONbits                                      (abs)        0020E
_T1GATE                                         (abs)        00210
_T1GCON                                         (abs)        0020F
_T1GCONbits                                     (abs)        0020F
_TMR1H                                          (abs)        0020D
_TMR1L                                          (abs)        0020C
_TMR1_DefaultInterruptHandler                   (abs)        00000
_TMR1_ISR                                       text28       005AF
_TMR1_Initialize                                text17       00652
_TMR1_InterruptHandler                          nvBANK1      000EB
_TMR1_SetInterruptHandler                       text18       0071A
_TMR1_StartTimer                                text33       0073E
_TMR1_StopTimer                                 text13       00738
_TMR1_WriteTimer                                text30       006BC
_TRISA                                          (abs)        00012
_TRISB                                          (abs)        00013
_TRISC                                          (abs)        00014
_TX1REG                                         (abs)        0011A
_TX1STA                                         (abs)        0011E
_TX1STAbits                                     (abs)        0011E
_WPUA                                           (abs)        01F39
_WPUB                                           (abs)        01F44
_WPUC                                           (abs)        01F4F
__Habs1                                         abs1         00000
__Hbank0                                        bank0        00000
__Hbank1                                        bank1        00000
__Hbank10                                       bank10       00000
__Hbank11                                       bank11       00000
__Hbank12                                       bank12       00000
__Hbank13                                       bank13       00000
__Hbank14                                       bank14       00000
__Hbank15                                       bank15       00000
__Hbank16                                       bank16       00000
__Hbank17                                       bank17       00000
__Hbank18                                       bank18       00000
__Hbank19                                       bank19       00000
__Hbank2                                        bank2        00000
__Hbank20                                       bank20       00000
__Hbank21                                       bank21       00000
__Hbank22                                       bank22       00000
__Hbank23                                       bank23       00000
__Hbank24                                       bank24       00000
__Hbank25                                       bank25       00000
__Hbank26                                       bank26       00000
__Hbank27                                       bank27       00000
__Hbank28                                       bank28       00000
__Hbank29                                       bank29       00000
__Hbank3                                        bank3        00000
__Hbank30                                       bank30       00000
__Hbank31                                       bank31       00000
__Hbank32                                       bank32       00000
__Hbank33                                       bank33       00000
__Hbank34                                       bank34       00000
__Hbank35                                       bank35       00000
__Hbank36                                       bank36       00000
__Hbank37                                       bank37       00000
__Hbank38                                       bank38       00000
__Hbank39                                       bank39       00000
__Hbank4                                        bank4        00000
__Hbank40                                       bank40       00000
__Hbank41                                       bank41       00000
__Hbank42                                       bank42       00000
__Hbank43                                       bank43       00000
__Hbank44                                       bank44       00000
__Hbank45                                       bank45       00000
__Hbank46                                       bank46       00000
__Hbank47                                       bank47       00000
__Hbank48                                       bank48       00000
__Hbank49                                       bank49       00000
__Hbank5                                        bank5        00000
__Hbank50                                       bank50       00000
__Hbank51                                       bank51       00000
__Hbank52                                       bank52       00000
__Hbank53                                       bank53       00000
__Hbank54                                       bank54       00000
__Hbank55                                       bank55       00000
__Hbank56                                       bank56       00000
__Hbank57                                       bank57       00000
__Hbank58                                       bank58       00000
__Hbank59                                       bank59       00000
__Hbank6                                        bank6        00000
__Hbank60                                       bank60       00000
__Hbank61                                       bank61       00000
__Hbank62                                       bank62       00000
__Hbank63                                       bank63       00000
__Hbank7                                        bank7        00000
__Hbank8                                        bank8        00000
__Hbank9                                        bank9        00000
__Hbigram                                       bigram       00000
__HbssBANK1                                     bssBANK1     00000
__HbssBANK2                                     bssBANK2     00000
__HbssCOMMON                                    bssCOMMON    00000
__Hcinit                                        cinit        0003D
__Hclrtext                                      clrtext      00000
__Hcode                                         code         00000
__Hcommon                                       common       00000
__Hconfig                                       config       0800C
__HcstackBANK0                                  cstackBANK0  00000
__HcstackBANK1                                  cstackBANK1  00000
__HcstackCOMMON                                 cstackCOMMON 00000
__Heeprom_data                                  eeprom_data  00000
__Hend_init                                     end_init     00027
__Hfunctab                                      functab      00000
__Hheap                                         heap         00000
__Hidloc                                        idloc        08004
__Hinit                                         init         00025
__Hintentry                                     intentry     00025
__Hmaintext                                     maintext     00000
__HnvBANK1                                      nvBANK1      00000
__HnvBANK2                                      nvBANK2      00000
__Hpowerup                                      powerup      00000
__Hram                                          ram          00000
__Hreset_vec                                    reset_vec    00002
__Hsfr0                                         sfr0         00000
__Hsfr1                                         sfr1         00000
__Hsfr10                                        sfr10        00000
__Hsfr11                                        sfr11        00000
__Hsfr12                                        sfr12        00000
__Hsfr13                                        sfr13        00000
__Hsfr14                                        sfr14        00000
__Hsfr15                                        sfr15        00000
__Hsfr16                                        sfr16        00000
__Hsfr17                                        sfr17        00000
__Hsfr18                                        sfr18        00000
__Hsfr19                                        sfr19        00000
__Hsfr2                                         sfr2         00000
__Hsfr20                                        sfr20        00000
__Hsfr21                                        sfr21        00000
__Hsfr22                                        sfr22        00000
__Hsfr23                                        sfr23        00000
__Hsfr24                                        sfr24        00000
__Hsfr25                                        sfr25        00000
__Hsfr26                                        sfr26        00000
__Hsfr27                                        sfr27        00000
__Hsfr28                                        sfr28        00000
__Hsfr29                                        sfr29        00000
__Hsfr3                                         sfr3         00000
__Hsfr30                                        sfr30        00000
__Hsfr31                                        sfr31        00000
__Hsfr32                                        sfr32        00000
__Hsfr33                                        sfr33        00000
__Hsfr34                                        sfr34        00000
__Hsfr35                                        sfr35        00000
__Hsfr36                                        sfr36        00000
__Hsfr37                                        sfr37        00000
__Hsfr38                                        sfr38        00000
__Hsfr39                                        sfr39        00000
__Hsfr4                                         sfr4         00000
__Hsfr40                                        sfr40        00000
__Hsfr41                                        sfr41        00000
__Hsfr42                                        sfr42        00000
__Hsfr43                                        sfr43        00000
__Hsfr44                                        sfr44        00000
__Hsfr45                                        sfr45        00000
__Hsfr46                                        sfr46        00000
__Hsfr47                                        sfr47        00000
__Hsfr48                                        sfr48        00000
__Hsfr49                                        sfr49        00000
__Hsfr5                                         sfr5         00000
__Hsfr50                                        sfr50        00000
__Hsfr51                                        sfr51        00000
__Hsfr52                                        sfr52        00000
__Hsfr53                                        sfr53        00000
__Hsfr54                                        sfr54        00000
__Hsfr55                                        sfr55        00000
__Hsfr56                                        sfr56        00000
__Hsfr57                                        sfr57        00000
__Hsfr58                                        sfr58        00000
__Hsfr59                                        sfr59        00000
__Hsfr6                                         sfr6         00000
__Hsfr60                                        sfr60        00000
__Hsfr61                                        sfr61        00000
__Hsfr62                                        sfr62        00000
__Hsfr63                                        sfr63        00000
__Hsfr7                                         sfr7         00000
__Hsfr8                                         sfr8         00000
__Hsfr9                                         sfr9         00000
__Hspace_0                                      (abs)        00742
__Hspace_1                                      (abs)        00142
__Hspace_2                                      (abs)        00000
__Hspace_3                                      (abs)        00000
__Hspace_4                                      (abs)        10013
__Hstack                                        stack        00000
__Hstrings                                      strings      00000
__Hstringtext1                                  stringtext1  00000
__Hstringtext2                                  stringtext2  00000
__Htext                                         text         00000
__Labs1                                         abs1         00000
__Lbank0                                        bank0        00000
__Lbank1                                        bank1        00000
__Lbank10                                       bank10       00000
__Lbank11                                       bank11       00000
__Lbank12                                       bank12       00000
__Lbank13                                       bank13       00000
__Lbank14                                       bank14       00000
__Lbank15                                       bank15       00000
__Lbank16                                       bank16       00000
__Lbank17                                       bank17       00000
__Lbank18                                       bank18       00000
__Lbank19                                       bank19       00000
__Lbank2                                        bank2        00000
__Lbank20                                       bank20       00000
__Lbank21                                       bank21       00000
__Lbank22                                       bank22       00000
__Lbank23                                       bank23       00000
__Lbank24                                       bank24       00000
__Lbank25                                       bank25       00000
__Lbank26                                       bank26       00000
__Lbank27                                       bank27       00000
__Lbank28                                       bank28       00000
__Lbank29                                       bank29       00000
__Lbank3                                        bank3        00000
__Lbank30                                       bank30       00000
__Lbank31                                       bank31       00000
__Lbank32                                       bank32       00000
__Lbank33                                       bank33       00000
__Lbank34                                       bank34       00000
__Lbank35                                       bank35       00000
__Lbank36                                       bank36       00000
__Lbank37                                       bank37       00000
__Lbank38                                       bank38       00000
__Lbank39                                       bank39       00000
__Lbank4                                        bank4        00000
__Lbank40                                       bank40       00000
__Lbank41                                       bank41       00000
__Lbank42                                       bank42       00000
__Lbank43                                       bank43       00000
__Lbank44                                       bank44       00000
__Lbank45                                       bank45       00000
__Lbank46                                       bank46       00000
__Lbank47                                       bank47       00000
__Lbank48                                       bank48       00000
__Lbank49                                       bank49       00000
__Lbank5                                        bank5        00000
__Lbank50                                       bank50       00000
__Lbank51                                       bank51       00000
__Lbank52                                       bank52       00000
__Lbank53                                       bank53       00000
__Lbank54                                       bank54       00000
__Lbank55                                       bank55       00000
__Lbank56                                       bank56       00000
__Lbank57                                       bank57       00000
__Lbank58                                       bank58       00000
__Lbank59                                       bank59       00000
__Lbank6                                        bank6        00000
__Lbank60                                       bank60       00000
__Lbank61                                       bank61       00000
__Lbank62                                       bank62       00000
__Lbank63                                       bank63       00000
__Lbank7                                        bank7        00000
__Lbank8                                        bank8        00000
__Lbank9                                        bank9        00000
__Lbigram                                       bigram       00000
__LbssBANK1                                     bssBANK1     00000
__LbssBANK2                                     bssBANK2     00000
__LbssCOMMON                                    bssCOMMON    00000
__Lcinit                                        cinit        00027
__Lclrtext                                      clrtext      00000
__Lcode                                         code         00000
__Lcommon                                       common       00000
__Lconfig                                       config       00000
__LcstackBANK0                                  cstackBANK0  00000
__LcstackBANK1                                  cstackBANK1  00000
__LcstackCOMMON                                 cstackCOMMON 00000
__Leeprom_data                                  eeprom_data  00000
__Lend_init                                     end_init     00025
__Lfunctab                                      functab      00000
__Lheap                                         heap         00000
__Lidloc                                        idloc        00000
__Linit                                         init         00025
__Lintentry                                     intentry     00004
__Lmaintext                                     maintext     00000
__LnvBANK1                                      nvBANK1      00000
__LnvBANK2                                      nvBANK2      00000
__Lpowerup                                      powerup      00000
__Lram                                          ram          00000
__Lreset_vec                                    reset_vec    00000
__Lsfr0                                         sfr0         00000
__Lsfr1                                         sfr1         00000
__Lsfr10                                        sfr10        00000
__Lsfr11                                        sfr11        00000
__Lsfr12                                        sfr12        00000
__Lsfr13                                        sfr13        00000
__Lsfr14                                        sfr14        00000
__Lsfr15                                        sfr15        00000
__Lsfr16                                        sfr16        00000
__Lsfr17                                        sfr17        00000
__Lsfr18                                        sfr18        00000
__Lsfr19                                        sfr19        00000
__Lsfr2                                         sfr2         00000
__Lsfr20                                        sfr20        00000
__Lsfr21                                        sfr21        00000
__Lsfr22                                        sfr22        00000
__Lsfr23                                        sfr23        00000
__Lsfr24                                        sfr24        00000
__Lsfr25                                        sfr25        00000
__Lsfr26                                        sfr26        00000
__Lsfr27                                        sfr27        00000
__Lsfr28                                        sfr28        00000
__Lsfr29                                        sfr29        00000
__Lsfr3                                         sfr3         00000
__Lsfr30                                        sfr30        00000
__Lsfr31                                        sfr31        00000
__Lsfr32                                        sfr32        00000
__Lsfr33                                        sfr33        00000
__Lsfr34                                        sfr34        00000
__Lsfr35                                        sfr35        00000
__Lsfr36                                        sfr36        00000
__Lsfr37                                        sfr37        00000
__Lsfr38                                        sfr38        00000
__Lsfr39                                        sfr39        00000
__Lsfr4                                         sfr4         00000
__Lsfr40                                        sfr40        00000
__Lsfr41                                        sfr41        00000
__Lsfr42                                        sfr42        00000
__Lsfr43                                        sfr43        00000
__Lsfr44                                        sfr44        00000
__Lsfr45                                        sfr45        00000
__Lsfr46                                        sfr46        00000
__Lsfr47                                        sfr47        00000
__Lsfr48                                        sfr48        00000
__Lsfr49                                        sfr49        00000
__Lsfr5                                         sfr5         00000
__Lsfr50                                        sfr50        00000
__Lsfr51                                        sfr51        00000
__Lsfr52                                        sfr52        00000
__Lsfr53                                        sfr53        00000
__Lsfr54                                        sfr54        00000
__Lsfr55                                        sfr55        00000
__Lsfr56                                        sfr56        00000
__Lsfr57                                        sfr57        00000
__Lsfr58                                        sfr58        00000
__Lsfr59                                        sfr59        00000
__Lsfr6                                         sfr6         00000
__Lsfr60                                        sfr60        00000
__Lsfr61                                        sfr61        00000
__Lsfr62                                        sfr62        00000
__Lsfr63                                        sfr63        00000
__Lsfr7                                         sfr7         00000
__Lsfr8                                         sfr8         00000
__Lsfr9                                         sfr9         00000
__Lspace_0                                      (abs)        00000
__Lspace_1                                      (abs)        00000
__Lspace_2                                      (abs)        00000
__Lspace_3                                      (abs)        00000
__Lspace_4                                      (abs)        00000
__Lstack                                        stack        00000
__Lstrings                                      strings      00000
__Lstringtext1                                  stringtext1  00000
__Lstringtext2                                  stringtext2  00000
__Ltext                                         text         00000
__S0                                            (abs)        00742
__S1                                            (abs)        00142
___aodiv                                        text12       001A6
___aodiv@counter                                cstackBANK0  00030
___aodiv@dividend                               cstackBANK0  00028
___aodiv@divisor                                cstackBANK0  00020
___aodiv@quotient                               cstackBANK0  00032
___aodiv@sign                                   cstackBANK0  00031
___aomod                                        text11       002AA
___aomod@counter                                cstackCOMMON 00073
___aomod@dividend                               cstackBANK0  00028
___aomod@divisor                                cstackBANK0  00020
___aomod@sign                                   cstackCOMMON 00074
___heap_hi                                      (abs)        00000
___heap_lo                                      (abs)        00000
___int_sp                                       stack        00000
___latbits                                      (abs)        00001
___sp                                           stack        00000
___stackhi                                      (abs)        00000
___stacklo                                      (abs)        00000
__end_of_EUSART1_Initialize                     text23       00652
__end_of_EUSART1_SetErrorHandler                text26       00738
__end_of_EUSART1_SetFramingErrorHandler         text25       00732
__end_of_EUSART1_SetOverrunErrorHandler         text24       0072C
__end_of_EUSART1_Write                          text15       006F2
__end_of_INTERRUPT_InterruptManager             intentry     00025
__end_of_IOCCF3_ISR                             text32       006E8
__end_of_IOCCF3_SetInterruptHandler             text21       00726
__end_of_OSCILLATOR_Initialize                  text22       006FC
__end_of_PIN_MANAGER_IOC                        text31       00705
__end_of_PIN_MANAGER_Initialize                 text20       0057E
__end_of_PMD_Initialize                         text19       0070D
__end_of_SYSTEM_Initialize                      text16       006DD
__end_of_Sendto_Uart                            text14       006BC
__end_of_TMR1_ISR                               text28       005DF
__end_of_TMR1_Initialize                        text17       00672
__end_of_TMR1_SetInterruptHandler               text18       00720
__end_of_TMR1_StartTimer                        text33       00741
__end_of_TMR1_StopTimer                         text13       0073B
__end_of_TMR1_WriteTimer                        text30       006CD
__end_of___aodiv                                text12       002AA
__end_of___aomod                                text11       00394
__end_of__initialization                        cinit        00039
__end_of_abs                                    text10       006A6
__end_of_dtoa                                   text4        001A6
__end_of_fputc                                  text8        00517
__end_of_fputs                                  text7        00608
__end_of_main                                   maintext     0054C
__end_of_pad                                    text5        004C5
__end_of_putch                                  text9        00742
__end_of_sprintf                                text1        00630
__end_of_strlen                                 text6        0068C
__end_of_vfpfcnvrt                              text3        0046F
__end_of_vfprintf                               text2        005AF
__end_ofi1_TMR1_StopTimer                       text29       0073E
__initialization                                cinit        00027
__pbssBANK1                                     bssBANK1     000A0
__pbssBANK2                                     bssBANK2     00120
__pbssCOMMON                                    bssCOMMON    0007A
__pcstackBANK0                                  cstackBANK0  00020
__pcstackBANK1                                  cstackBANK1  000D3
__pcstackCOMMON                                 cstackCOMMON 00070
__pintentry                                     intentry     00004
__pmaintext                                     maintext     00517
__pnvBANK1                                      nvBANK1      000E5
__pnvBANK2                                      nvBANK2      00140
__pstringtext1                                  stringtext1  0070D
__pstringtext2                                  stringtext2  00000
__ptext1                                        text1        00608
__ptext10                                       text10       0068C
__ptext11                                       text11       002AA
__ptext12                                       text12       001A6
__ptext13                                       text13       00738
__ptext14                                       text14       006A6
__ptext15                                       text15       006E8
__ptext16                                       text16       006CD
__ptext17                                       text17       00652
__ptext18                                       text18       0071A
__ptext19                                       text19       00705
__ptext2                                        text2        0057E
__ptext20                                       text20       0054C
__ptext21                                       text21       00720
__ptext22                                       text22       006F2
__ptext23                                       text23       00630
__ptext24                                       text24       00726
__ptext25                                       text25       0072C
__ptext26                                       text26       00732
__ptext28                                       text28       005AF
__ptext29                                       text29       0073B
__ptext3                                        text3        00394
__ptext30                                       text30       006BC
__ptext31                                       text31       006FC
__ptext32                                       text32       006DD
__ptext33                                       text33       0073E
__ptext4                                        text4        0003D
__ptext5                                        text5        0046F
__ptext6                                        text6        00672
__ptext7                                        text7        005DF
__ptext8                                        text8        004C5
__ptext9                                        text9        00741
_abs                                            text10       0068C
_count                                          bssBANK1     000A6
_dbuf                                           bssBANK2     00120
_dtoa                                           text4        0003D
_dtoa$1094                                      cstackBANK0  00046
_eusart1RxLastError                             bssBANK1     000AA
_flags                                          bssCOMMON    0007A
_fputc                                          text8        004C5
_fputs                                          text7        005DF
_main                                           maintext     00517
_nout                                           bssBANK1     000A0
_pad                                            text5        0046F
_prec                                           bssBANK1     000A4
_putch                                          text9        00741
_sendbuff                                       bssBANK1     000AB
_sprintf                                        text1        00608
_strlen                                         text6        00672
_timer1ReloadVal                                nvBANK1      000ED
_vfpfcnvrt                                      text3        00394
_vfprintf                                       text2        0057E
_width                                          bssBANK1     000A2
abs@a                                           cstackCOMMON 00075
btemp                                           (abs)        0007E
clear_ram0                                      clrtext      00714
dtoa@d                                          cstackBANK0  0003A
dtoa@fp                                         cstackBANK0  00045
dtoa@i                                          cstackBANK0  00056
dtoa@n                                          cstackBANK0  0004E
dtoa@p                                          cstackBANK0  00048
dtoa@s                                          cstackBANK0  0004C
dtoa@w                                          cstackBANK0  0004A
end_of_initialization                           cinit        00039
fputc@c                                         cstackCOMMON 00072
fputc@fp                                        cstackCOMMON 00074
fputs@c                                         cstackBANK0  00024
fputs@fp                                        cstackBANK0  00020
fputs@i                                         cstackBANK0  00025
fputs@s                                         cstackBANK0  00027
i1_TMR1_StopTimer                               text29       0073B
int$flags                                       (abs)        0007E
intlevel0                                       functab      00000
intlevel1                                       functab      00000
intlevel2                                       functab      00000
intlevel3                                       functab      00000
intlevel4                                       functab      00000
intlevel5                                       functab      00000
pad@buf                                         cstackBANK0  00028
pad@fp                                          cstackBANK0  00030
pad@i                                           cstackBANK0  0002C
pad@p                                           cstackBANK0  00029
pad@w                                           cstackBANK0  0002E
reset_vec                                       reset_vec    00000
sprintf@ap                                      cstackBANK1  000D7
sprintf@f                                       cstackBANK1  000D9
sprintf@fmt                                     cstackBANK1  000D3
sprintf@s                                       cstackBANK1  000D8
start                                           init         00025
start_initialization                            cinit        00027
strlen@a                                        cstackCOMMON 00075
strlen@s                                        cstackCOMMON 00076
vfpfcnvrt@ap                                    cstackBANK0  00059
vfpfcnvrt@fmt                                   cstackBANK0  00058
vfpfcnvrt@fp                                    cstackBANK0  00067
vfpfcnvrt@ll                                    cstackBANK0  0005F
vfprintf@ap                                     cstackBANK0  0006A
vfprintf@cfmt                                   cstackBANK0  0006E
vfprintf@fmt                                    cstackBANK0  00068
vfprintf@fp                                     cstackBANK0  0006D
wtemp0                                          (abs)        0007E


MODULE INFORMATION

Module		Function		Class		Link	Load	Size
/opt/microchip/xc8/v2.35/pic/sources/c99/common/aomod.c
		___aomod       		CODE           	02AA	0000	234

/opt/microchip/xc8/v2.35/pic/sources/c99/common/aomod.c estimated size: 234

/opt/microchip/xc8/v2.35/pic/sources/c99/common/putch.c
		_putch         		CODE           	0741	0000	1

/opt/microchip/xc8/v2.35/pic/sources/c99/common/putch.c estimated size: 1

mcc_generated_files/interrupt_manager.c
		_INTERRUPT_InterruptManager		CODE           	0004	0000	33

mcc_generated_files/interrupt_manager.c estimated size: 33

/opt/microchip/xc8/v2.35/pic/sources/c99/common/strlen.c
		_strlen        		CODE           	0672	0000	26

/opt/microchip/xc8/v2.35/pic/sources/c99/common/strlen.c estimated size: 26

mcc_generated_files/pin_manager.c
		_PIN_MANAGER_Initialize		CODE           	054C	0000	50
		_IOCCF3_ISR    		CODE           	06DD	0000	11
		_IOCCF3_SetInterruptHandler		CODE           	0720	0000	6
		_PIN_MANAGER_IOC		CODE           	06FC	0000	9

mcc_generated_files/pin_manager.c estimated size: 76

/opt/microchip/xc8/v2.35/pic/sources/c99/common/abs.c
		_abs           		CODE           	068C	0000	26

/opt/microchip/xc8/v2.35/pic/sources/c99/common/abs.c estimated size: 26

/opt/microchip/xc8/v2.35/pic/sources/c99/common/aodiv.c
		___aodiv       		CODE           	01A6	0000	260

/opt/microchip/xc8/v2.35/pic/sources/c99/common/aodiv.c estimated size: 260

/opt/microchip/xc8/v2.35/pic/sources/c99/common/nf_fputs.c
		_fputs         		CODE           	05DF	0000	41

/opt/microchip/xc8/v2.35/pic/sources/c99/common/nf_fputs.c estimated size: 41

/opt/microchip/xc8/v2.35/pic/sources/c99/common/doprnt.c
		_vfpfcnvrt     		CODE           	0394	0000	219
		_pad           		CODE           	046F	0000	86
		_dtoa          		CODE           	003D	0000	361
		_vfprintf      		CODE           	057E	0000	49

/opt/microchip/xc8/v2.35/pic/sources/c99/common/doprnt.c estimated size: 715

shared
		i1_TMR1_StopTimer		CODE           	073B	0000	3
		__initialization		CODE           	0027	0000	18

shared estimated size: 21

mcc_generated_files/eusart1.c
		_EUSART1_Initialize		CODE           	0630	0000	34
		_EUSART1_SetFramingErrorHandler		CODE           	072C	0000	6
		_EUSART1_SetOverrunErrorHandler		CODE           	0726	0000	6
		_EUSART1_SetErrorHandler		CODE           	0732	0000	6
		_EUSART1_Write 		CODE           	06E8	0000	10

mcc_generated_files/eusart1.c estimated size: 62

mcc_generated_files/mcc.c
		_PMD_Initialize		CODE           	0705	0000	8
		_OSCILLATOR_Initialize		CODE           	06F2	0000	10
		_SYSTEM_Initialize		CODE           	06CD	0000	16

mcc_generated_files/mcc.c estimated size: 34

mcc_generated_files/tmr1.c
		_TMR1_Initialize		CODE           	0652	0000	32
		_TMR1_SetInterruptHandler		CODE           	071A	0000	6
		_TMR1_StopTimer		CODE           	0738	0000	3
		_TMR1_WriteTimer		CODE           	06BC	0000	17
		_TMR1_StartTimer		CODE           	073E	0000	3
		_TMR1_ISR      		CODE           	05AF	0000	48

mcc_generated_files/tmr1.c estimated size: 109

main.c
		_main          		CODE           	0517	0000	53
		_Sendto_Uart   		CODE           	06A6	0000	22

main.c estimated size: 75

/opt/microchip/xc8/v2.35/pic/sources/c99/common/nf_sprintf.c
		_sprintf       		CODE           	0608	0000	40

/opt/microchip/xc8/v2.35/pic/sources/c99/common/nf_sprintf.c estimated size: 40

/opt/microchip/xc8/v2.35/pic/sources/c99/common/nf_fputc.c
		_fputc         		CODE           	04C5	0000	82

/opt/microchip/xc8/v2.35/pic/sources/c99/common/nf_fputc.c estimated size: 82

