Microchip MPLAB XC8 Compiler V2.35

Linker command line:

-W-2 --edf=/opt/microchip/xc8/v2.35/pic/dat/en_msgs.txt -cn \
  -h+dist/default/production/IR_remot.X.production.sym \
  --cmf=dist/default/production/IR_remot.X.production.cmf -z -Q18F27K40 \
  -o/tmp/xcXjDhEJB --defsym=__MPLAB_BUILD=1 \
  -Mdist/default/production/IR_remot.X.production.map \
  --md=/tmp/xcXkNKnaJ.dat -E1 -ver=XC8 Compiler --acfsm=1493 \
  -ACODE=00h-01FFFFh -ACONST=00h-01FFFFh -ASMALLCONST=0F00h-0FFFhx497 \
  -AMEDIUMCONST=0F00h-0FFFFh,010F00h-01FFFFh -ACOMRAM=01h-05Fh \
  -AABS1=00h-0E87h -ABIGRAM=01h-0E87h \
  -ARAM=060h-0FFh,0100h-01FFhx13,0E00h-0E87h -ABANK0=060h-0FFh \
  -ABANK1=0100h-01FFh -ABANK2=0200h-02FFh -ABANK3=0300h-03FFh \
  -ABANK4=0400h-04FFh -ABANK5=0500h-05FFh -ABANK6=0600h-06FFh \
  -ABANK7=0700h-07FFh -ABANK8=0800h-08FFh -ABANK9=0900h-09FFh \
  -ABANK10=0A00h-0AFFh -ABANK11=0B00h-0BFFh -ABANK12=0C00h-0CFFh \
  -ABANK13=0D00h-0DFFh -ABANK14=0E00h-0E87h \
  -ASFR=0E8Dh-0EFFh,0F00h-0F5Fh,0F60h-0FFFh -ABIGSFR=0E8Dh-0FFFh \
  -ACONFIG=0300000h-030000Bh -AIDLOC=0200000h-020000Fh \
  -AEEDATA=0310000h-03103FFh -peeprom_data=EEDATA \
  -preset_vec=00h,intcode=08h,intcodelo,powerup,init -pramtop=0F00h \
  -psmallconst=SMALLCONST -pmediumconst=MEDIUMCONST -pconst=CONST \
  -AFARRAM=00h-00h \
  -prdata=COMRAM,nvrram=COMRAM,nvbit=COMRAM,rbss=COMRAM,rbit=COMRAM \
  -pfarbss=FARRAM,fardata=FARRAM,nvFARRAM=FARRAM \
  -pintsave_regs=BIGRAM,bigbss=BIGRAM,bigdata=BIGRAM -pbss=RAM \
  -pidata=CODE,irdata=CODE,ibigdata=CODE,ifardata=CODE -prparam=COMRAM \
  /tmp/xcXeEHBfA.o dist/default/production/IR_remot.X.production.o \
  build/default/production/powerup.o 

Object code version is 3.11

Machine type is 18F27K40



                Name                               Link     Load   Length Selector   Space Scale
/tmp/xcXeEHBfA.o
                idloc                            200000   200000       10        0       5
                config                           300000   300000        C        0       4
                init                                 D4       D4        4        4       0
                reset_vec                             0        0        4        0       0
dist/default/production/IR_remot.X.production.o
                intcode                               8        8       C6        4       0
                idloc                            200000   200000       10        0       5
                config                           300000   300000        C        0       4
                temp                                 57       57        1        1       1
                smallconst                          F00      F00       2E      780       0
                text45                             1F9C     1F9C        2      797       0
                text44                             1CEE     1CEE       36      797       0
                text43                             178A     178A       C8      797       0
                text42                             1E16     1E16       2C      797       0
                text41                             1F9A     1F9A        2      797       0
                text40                             1D56     1D56       32      797       0
                text39                             1E6A     1E6A       28      797       0
                text38                             1F1A     1F1A       16      797       0
                text37                             1F98     1F98        2      797       0
                text36                             1D24     1D24       32      797       0
                text35                             1E42     1E42       28      797       0
                text34                             1F04     1F04       16      797       0
                text32                             1DE8     1DE8       2E      797       0
                text31                             1F84     1F84        E      797       0
                text30                             19FE     19FE       66      797       0
                text29                             1F76     1F76        E      797       0
                text28                             1DB8     1DB8       30      797       0
                text27                             1F68     1F68        E      797       0
                text26                             1F5A     1F5A        E      797       0
                text25                             1F4C     1F4C        E      797       0
                text24                             1B12     1B12       4C      797       0
                text23                             1F92     1F92        4      797       0
                text22                             1EEC     1EEC       18      797       0
                text21                             1A64     1A64       5C      797       0
                text20                             1EB8     1EB8       1C      797       0
                text19                             1F3E     1F3E        E      797       0
                text18                             1BA8     1BA8       4A      797       0
                text17                             1F30     1F30        E      797       0
                text16                             1B5E     1B5E       4A      797       0
                text15                             1E92     1E92       26      797       0
                text14                             1ED4     1ED4       18      797       0
                text13                             1D88     1D88       30      797       0
                text12                             13D4     13D4      188      797       0
                text11                             155C     155C      164      797       0
                text10                             1C78     1C78       40      797       0
                text9                              1F96     1F96        2      797       0
                text8                              16C0     16C0       CA      797       0
                text7                              1BF2     1BF2       44      797       0
                text6                              1CB8     1CB8       36      797       0
                text5                              1852     1852       C2      797       0
                text4                               F2E      F2E      2DE      797       0
                text3                              120C     120C      1C8      797       0
                text2                              1998     1998       66      797       0
                text1                              1AC0     1AC0       52      797       0
                text0                              1914     1914       84      797       0
                cstackCOMRAM                          1        1       4D        1       1
                cstackBANK0                          AB       AB       27       60       1
                bssBIGRAM                           164      164      7D0      164       1
                bssBANK1                            100      100       64      100       1
                bssBANK0                             60       60       4B       60       1
                bssCOMRAM                            4E       4E        9        1       1
                cinit                              1C36     1C36       42      797       0
                nvBANK0                              D2       D2       1D       60       1
build/default/production/powerup.o
                powerup                              CE       CE        6        4       0

TOTAL           Name                               Link     Load   Length     Space
        CLASS   CODE           
                intcode                               8        8       C6         0
                init                                 D4       D4        4         0
                powerup                              CE       CE        6         0
                reset_vec                             0        0        4         0
                text45                             1F9C     1F9C        2         0
                text44                             1CEE     1CEE       36         0
                text43                             178A     178A       C8         0
                text42                             1E16     1E16       2C         0
                text41                             1F9A     1F9A        2         0
                text40                             1D56     1D56       32         0
                text39                             1E6A     1E6A       28         0
                text38                             1F1A     1F1A       16         0
                text37                             1F98     1F98        2         0
                text36                             1D24     1D24       32         0
                text35                             1E42     1E42       28         0
                text34                             1F04     1F04       16         0
                text32                             1DE8     1DE8       2E         0
                text31                             1F84     1F84        E         0
                text30                             19FE     19FE       66         0
                text29                             1F76     1F76        E         0
                text28                             1DB8     1DB8       30         0
                text27                             1F68     1F68        E         0
                text26                             1F5A     1F5A        E         0
                text25                             1F4C     1F4C        E         0
                text24                             1B12     1B12       4C         0
                text23                             1F92     1F92        4         0
                text22                             1EEC     1EEC       18         0
                text21                             1A64     1A64       5C         0
                text20                             1EB8     1EB8       1C         0
                text19                             1F3E     1F3E        E         0
                text18                             1BA8     1BA8       4A         0
                text17                             1F30     1F30        E         0
                text16                             1B5E     1B5E       4A         0
                text15                             1E92     1E92       26         0
                text14                             1ED4     1ED4       18         0
                text13                             1D88     1D88       30         0
                text12                             13D4     13D4      188         0
                text11                             155C     155C      164         0
                text10                             1C78     1C78       40         0
                text9                              1F96     1F96        2         0
                text8                              16C0     16C0       CA         0
                text7                              1BF2     1BF2       44         0
                text6                              1CB8     1CB8       36         0
                text5                              1852     1852       C2         0
                text4                               F2E      F2E      2DE         0
                text3                              120C     120C      1C8         0
                text2                              1998     1998       66         0
                text1                              1AC0     1AC0       52         0
                text0                              1914     1914       84         0
                cinit                              1C36     1C36       42         0

        CLASS   CONST          

        CLASS   SMALLCONST     
                smallconst                          F00      F00       2E         0

        CLASS   MEDIUMCONST    

        CLASS   COMRAM         
                temp                                 57       57        1         1
                cstackCOMRAM                          1        1       4D         1
                bssCOMRAM                            4E       4E        9         1

        CLASS   ABS1           

        CLASS   BIGRAM         
                bssBIGRAM                           164      164      7D0         1

        CLASS   RAM            

        CLASS   BANK0          
                cstackBANK0                          AB       AB       27         1
                bssBANK0                             60       60       4B         1
                nvBANK0                              D2       D2       1D         1

        CLASS   BANK1          
                bssBANK1                            100      100       64         1

        CLASS   BANK2          

        CLASS   BANK3          

        CLASS   BANK4          

        CLASS   BANK5          

        CLASS   BANK6          

        CLASS   BANK7          

        CLASS   BANK8          

        CLASS   BANK9          

        CLASS   BANK10         

        CLASS   BANK11         

        CLASS   BANK12         

        CLASS   BANK13         

        CLASS   BANK14         

        CLASS   SFR            

        CLASS   BIGSFR         

        CLASS   CONFIG         
                config                           300000   300000        C         4

        CLASS   IDLOC          
                idloc                            200000   200000       10         5

        CLASS   EEDATA         

        CLASS   FARRAM         

        CLASS   HEAP           

        CLASS   STACK          



SEGMENTS        Name                           Load    Length   Top    Selector   Space  Class

                reset_vec                      000000  000004  000004         0       0  CODE    
                bssBANK1                       000100  000064  000164       100       1  BANK1   
                text4                          000F2E  001070  001F9E       797       0  CODE    
                bssBIGRAM                      000164  0007D0  000934       164       1  BIGRAM  
                bssBANK0                       000060  00008F  0000EF        60       1  BANK0   
                intcode                        000008  0000D0  0000D8         4       0  CODE    
                cstackCOMRAM                   000001  000057  000058         1       1  COMRAM  
                smallconst                     000F00  00002E  000F2E       780       0  SMALLCON


UNUSED ADDRESS RANGES

        Name                Unused          Largest block    Delta
        BANK0            0000EF-0000FF               11
        BANK10           000A00-000AFF              100
        BANK11           000B00-000BFF              100
        BANK12           000C00-000CFF              100
        BANK13           000D00-000DFF              100
        BANK14           000E00-000E87               88
        BANK9            000934-0009FF               CC
        BIGRAM           000058-00005F                8
                         0000EF-0000FF               11
                         000934-000E87              554
        BIGSFR           000E8D-000FFF              173
        CODE             000004-000007                4
                         0000D8-000EFF              E28
                         001F9E-01FFFF            1E062
        COMRAM           000058-00005F                8
        CONST            000004-000007                4
                         0000D8-000EFF              E28
                         001F9E-01FFFF            1E062
        EEDATA           310000-3103FF              400
        MEDIUMCONST      001F9E-00FFFF             E062
                         010F00-01FFFF             F100
        RAM              0000EF-0000FF               11
                         000934-000E87              100
        SFR              000E8D-000FFF               73
        SMALLCONST       001F9E-01FFFF              100

                                  Symbol Table

?_ADCC_GetSingleConversion                      cstackCOMRAM 000009
?___aodiv                                       cstackCOMRAM 000009
?___aomod                                       cstackCOMRAM 000009
?_abs                                           cstackCOMRAM 00001B
?_dtoa                                          cstackCOMRAM 000024
?_pad                                           cstackCOMRAM 000019
?_sprintf                                       cstackBANK0  0000BD
?_strlen                                        cstackCOMRAM 000009
?_vfpfcnvrt                                     cstackCOMRAM 000048
?_vfprintf                                      cstackBANK0  0000B5
ADCC_GetSingleConversion@channel                cstackCOMRAM 00000D
ADCC_SetADIInterruptHandler@InterruptHandler    cstackCOMRAM 000009
CCP2_CaptureISR@module                          cstackCOMRAM 000003
CCP2_SetCallBack@customCallBack                 cstackCOMRAM 000009
EUSART2_SetErrorHandler@interruptHandler        cstackCOMRAM 000009
EUSART2_SetFramingErrorHandler@interruptHandler cstackCOMRAM 000009
EUSART2_SetOverrunErrorHandler@interruptHandler cstackCOMRAM 000009
EUSART2_Write@txData                            cstackCOMRAM 000009
SendToUart@st_pt                                cstackCOMRAM 00000A
TMR1_SetInterruptHandler@InterruptHandler       cstackCOMRAM 000009
TMR1_WriteTimer@timerVal                        cstackCOMRAM 000001
TMR3_SetInterruptHandler@InterruptHandler       cstackCOMRAM 000009
TMR3_WriteTimer@timerVal                        cstackCOMRAM 000001
_ADACCH                                         (abs)        000F71
_ADACCL                                         (abs)        000F70
_ADACQ                                          (abs)        000F5C
_ADACT                                          (abs)        000F56
_ADCAP                                          (abs)        000F5D
_ADCC_ADI_InterruptHandler                      nvBANK0      0000D5
_ADCC_DefaultInterruptHandler                   text45       001F9C
_ADCC_GetSingleConversion                       text32       001DE8
_ADCC_ISR                                       text44       001CEE
_ADCC_Initialize                                text30       0019FE
_ADCC_SetADIInterruptHandler                    text31       001F84
_ADCLK                                          (abs)        000F57
_ADCNT                                          (abs)        000F67
_ADCON0                                         (abs)        000F60
_ADCON0bits                                     (abs)        000F60
_ADCON1                                         (abs)        000F59
_ADCON1bits                                     (abs)        000F59
_ADCON2                                         (abs)        000F5A
_ADCON2bits                                     (abs)        000F5A
_ADCON3                                         (abs)        000F5B
_ADCON3bits                                     (abs)        000F5B
_ADERRH                                         (abs)        000F6F
_ADERRL                                         (abs)        000F6E
_ADFLTRH                                        (abs)        000F73
_ADFLTRL                                        (abs)        000F72
_ADLTHH                                         (abs)        000F6B
_ADLTHL                                         (abs)        000F6A
_ADPCH                                          (abs)        000F5F
_ADPRE                                          (abs)        000F5E
_ADPREVH                                        (abs)        000F62
_ADPREVL                                        (abs)        000F61
_ADREF                                          (abs)        000F58
_ADRESH                                         (abs)        000F64
_ADRESL                                         (abs)        000F63
_ADRPT                                          (abs)        000F66
_ADSTAT                                         (abs)        000F65
_ADSTATbits                                     (abs)        000F65
_ADSTPTH                                        (abs)        000F69
_ADSTPTL                                        (abs)        000F68
_ADUTHH                                         (abs)        000F6D
_ADUTHL                                         (abs)        000F6C
_ANSELA                                         (abs)        000F11
_ANSELB                                         (abs)        000F19
_ANSELC                                         (abs)        000F21
_BAUD2CON                                       (abs)        000E9F
_CCP2CAP                                        (abs)        000FA9
_CCP2CON                                        (abs)        000FA8
_CCP2PPS                                        (abs)        000EB0
_CCP2_CallBack                                  nvBANK0      0000D8
_CCP2_CaptureISR                                text43       00178A
_CCP2_DefaultCallBack                           (abs)        000000
_CCP2_Initialize                                text28       001DB8
_CCP2_SetCallBack                               text29       001F76
_CCPR2H                                         (abs)        000FA7
_CCPR2L                                         (abs)        000FA6
_CCPTMRSbits                                    (abs)        000FAE
_DecodedIRKey                                   bssCOMRAM    000054
_EUSART2_DefaultErrorHandler                    (abs)        000000
_EUSART2_DefaultFramingErrorHandler             (abs)        000000
_EUSART2_DefaultOverrunErrorHandler             (abs)        000000
_EUSART2_ErrorHandler                           nvBANK0      0000DE
_EUSART2_FramingErrorHandler                    nvBANK0      0000E4
_EUSART2_Initialize                             text24       001B12
_EUSART2_OverrunErrorHandler                    nvBANK0      0000E1
_EUSART2_SetErrorHandler                        text27       001F68
_EUSART2_SetFramingErrorHandler                 text26       001F5A
_EUSART2_SetOverrunErrorHandler                 text25       001F4C
_EUSART2_Write                                  text14       001ED4
_INLVLA                                         (abs)        000F0D
_INLVLB                                         (abs)        000F15
_INLVLC                                         (abs)        000F1D
_INLVLE                                         (abs)        000F2A
_INTCONbits                                     (abs)        000FF2
_INTERRUPT_Initialize                           text23       001F92
_INTERRUPT_InterruptManager                     intcode      000008
_IRAddress                                      smallconst   000F19
_KEYCODE                                        smallconst   000F01
_LATA                                           (abs)        000F83
_LATB                                           (abs)        000F84
_LATC                                           (abs)        000F85
_MyBuf                                          bssBANK0     000060
_MyTBuf                                         bssBIGRAM    000164
_NewIRDat                                       bssBANK0     00008A
_ODCONA                                         (abs)        000F0F
_ODCONB                                         (abs)        000F17
_ODCONC                                         (abs)        000F1F
_OSCCON1                                        (abs)        000ED8
_OSCCON3                                        (abs)        000EDA
_OSCEN                                          (abs)        000EDC
_OSCFRQ                                         (abs)        000EDE
_OSCILLATOR_Initialize                          text22       001EEC
_OSCTUNE                                        (abs)        000EDD
_PIE1bits                                       (abs)        000EC3
_PIE4bits                                       (abs)        000EC6
_PIE6bits                                       (abs)        000EC8
_PIN_MANAGER_Initialize                         text21       001A64
_PIR1bits                                       (abs)        000ECB
_PIR3bits                                       (abs)        000ECD
_PIR4bits                                       (abs)        000ECE
_PIR6bits                                       (abs)        000ED0
_PMD0                                           (abs)        000EE1
_PMD1                                           (abs)        000EE2
_PMD2                                           (abs)        000EE3
_PMD3                                           (abs)        000EE4
_PMD4                                           (abs)        000EE5
_PMD5                                           (abs)        000EE6
_PMD_Initialize                                 text20       001EB8
_PORTBbits                                      (abs)        000F8E
_RC2REG                                         (abs)        000E99
_RC2STA                                         (abs)        000E9D
_RC2STAbits                                     (abs)        000E9D
_RC7PPS                                         (abs)        000EFE
_Rotate                                         bssCOMRAM    000055
_SLRCONA                                        (abs)        000F0E
_SLRCONB                                        (abs)        000F16
_SLRCONC                                        (abs)        000F1E
_SP2BRGH                                        (abs)        000E9C
_SP2BRGL                                        (abs)        000E9B
_SYSTEM_Initialize                              text15       001E92
_SendBuf                                        bssBANK1     000100
_SendToUart                                     text13       001D88
_T1CLK                                          (abs)        000FD2
_T1CON                                          (abs)        000FCF
_T1CONbits                                      (abs)        000FCF
_T1GATE                                         (abs)        000FD1
_T1GCON                                         (abs)        000FD0
_T1GCONbits                                     (abs)        000FD0
_T3CLK                                          (abs)        000FCC
_T3CON                                          (abs)        000FC9
_T3CONbits                                      (abs)        000FC9
_T3GATE                                         (abs)        000FCB
_T3GCON                                         (abs)        000FCA
_T3GCONbits                                     (abs)        000FCA
_TMR1H                                          (abs)        000FCE
_TMR1L                                          (abs)        000FCD
_TMR1_CallBack                                  text40       001D56
_TMR1_DefaultInterruptHandler                   text41       001F9A
_TMR1_ISR                                       text38       001F1A
_TMR1_Initialize                                text18       001BA8
_TMR1_InterruptHandler                          nvBANK0      0000DB
_TMR1_SetInterruptHandler                       text19       001F3E
_TMR1_WriteTimer                                text39       001E6A
_TMR3                                           (abs)        000FC7
_TMR3H                                          (abs)        000FC8
_TMR3L                                          (abs)        000FC7
_TMR3_CallBack                                  text36       001D24
_TMR3_DefaultInterruptHandler                   text37       001F98
_TMR3_ISR                                       text34       001F04
_TMR3_Initialize                                text16       001B5E
_TMR3_InterruptHandler                          nvBANK0      0000D2
_TMR3_SetInterruptHandler                       text17       001F30
_TMR3_WriteTimer                                text35       001E42
_TRISA                                          (abs)        000F88
_TRISB                                          (abs)        000F89
_TRISC                                          (abs)        000F8A
_TX2REG                                         (abs)        000E9A
_TX2STA                                         (abs)        000E9E
_TX2STAbits                                     (abs)        000E9E
_TimerValue                                     bssBANK0     000088
_Tmr1_intt                                      text42       001E16
_WPUA                                           (abs)        000F10
_WPUB                                           (abs)        000F18
_WPUC                                           (abs)        000F20
_WPUE                                           (abs)        000F2D
__HRAM                                          (abs)        000000
__Habs1                                         abs1         000000
__Hbank0                                        bank0        000000
__Hbank1                                        bank1        000000
__Hbank10                                       bank10       000000
__Hbank11                                       bank11       000000
__Hbank12                                       bank12       000000
__Hbank13                                       bank13       000000
__Hbank14                                       bank14       000000
__Hbank2                                        bank2        000000
__Hbank3                                        bank3        000000
__Hbank4                                        bank4        000000
__Hbank5                                        bank5        000000
__Hbank6                                        bank6        000000
__Hbank7                                        bank7        000000
__Hbank8                                        bank8        000000
__Hbank9                                        bank9        000000
__Hbigbss                                       bigbss       000000
__Hbigdata                                      bigdata      000000
__Hbigram                                       bigram       000000
__Hbigsfr                                       bigsfr       000000
__Hbss                                          bss          000000
__HbssBANK0                                     bssBANK0     000000
__HbssBANK1                                     bssBANK1     000000
__HbssBIGRAM                                    bssBIGRAM    000000
__HbssCOMRAM                                    bssCOMRAM    000000
__Hcinit                                        cinit        000000
__Hclrtext                                      clrtext      000000
__Hcode                                         code         000000
__Hcomram                                       comram       000000
__Hconfig                                       config       30000C
__Hconst                                        const        000000
__HcstackBANK0                                  cstackBANK0  000000
__HcstackCOMRAM                                 cstackCOMRAM 000000
__Hdata                                         data         000000
__Hedata                                        edata        000000
__Heeprom_data                                  eeprom_data  000000
__Hfarbss                                       farbss       000000
__Hfardata                                      fardata      000000
__Hheap                                         heap         000000
__Hibigdata                                     ibigdata     000000
__Hidata                                        idata        000000
__Hidloc                                        idloc        200010
__Hifardata                                     ifardata     000000
__Hinit                                         init         0000D8
__Hintcode                                      intcode      0000CE
__Hintcode_body                                 intcode_body 000000
__Hintcodelo                                    intcodelo    0000CE
__Hintentry                                     intentry     000000
__Hintret                                       intret       000000
__Hintsave_regs                                 intsave_regs 000000
__Hirdata                                       irdata       000000
__Hmediumconst                                  mediumconst  000000
__HnvBANK0                                      nvBANK0      000000
__HnvFARRAM                                     nvFARRAM     000000
__Hnvbit                                        nvbit        000000
__Hnvrram                                       nvrram       000000
__Hparam                                        rparam       000000
__Hpowerup                                      powerup      0000D4
__Hram                                          ram          000000
__Hramtop                                       ramtop       000F00
__Hrbit                                         rbit         000000
__Hrbss                                         rbss         000000
__Hrdata                                        rdata        000000
__Hreset_vec                                    reset_vec    000004
__Hrparam                                       rparam       000000
__Hsfr                                          sfr          000000
__Hsmallconst                                   smallconst   000F2E
__Hspace_0                                      (abs)        001F9E
__Hspace_1                                      (abs)        000934
__Hspace_2                                      (abs)        000000
__Hspace_3                                      (abs)        000000
__Hspace_4                                      (abs)        60000C
__Hstack                                        stack        000000
__Hstruct                                       struct       000000
__Htemp                                         temp         000058
__Htext                                         text         000000
__Htext0                                        text0        000000
__Htext1                                        text1        000000
__Htext10                                       text10       000000
__Htext11                                       text11       000000
__Htext12                                       text12       000000
__Htext13                                       text13       000000
__Htext14                                       text14       000000
__Htext15                                       text15       000000
__Htext16                                       text16       000000
__Htext17                                       text17       000000
__Htext18                                       text18       000000
__Htext19                                       text19       000000
__Htext2                                        text2        000000
__Htext20                                       text20       000000
__Htext21                                       text21       000000
__Htext22                                       text22       000000
__Htext23                                       text23       000000
__Htext24                                       text24       000000
__Htext25                                       text25       000000
__Htext26                                       text26       000000
__Htext27                                       text27       000000
__Htext28                                       text28       000000
__Htext29                                       text29       000000
__Htext3                                        text3        000000
__Htext30                                       text30       000000
__Htext31                                       text31       000000
__Htext32                                       text32       000000
__Htext34                                       text34       000000
__Htext35                                       text35       000000
__Htext36                                       text36       000000
__Htext37                                       text37       000000
__Htext38                                       text38       000000
__Htext39                                       text39       000000
__Htext4                                        text4        000000
__Htext40                                       text40       000000
__Htext41                                       text41       000000
__Htext42                                       text42       000000
__Htext43                                       text43       000000
__Htext44                                       text44       000000
__Htext45                                       text45       000000
__Htext46                                       text46       000000
__Htext5                                        text5        000000
__Htext6                                        text6        000000
__Htext7                                        text7        000000
__Htext8                                        text8        000000
__Htext9                                        text9        000000
__Hudata                                        udata        000000
__Hudata_acs                                    udata_acs    000000
__Hudata_bank0                                  udata_bank0  000000
__Hudata_bank1                                  udata_bank1  000000
__Hudata_bank10                                 udata_bank10 000000
__Hudata_bank11                                 udata_bank11 000000
__Hudata_bank12                                 udata_bank12 000000
__Hudata_bank13                                 udata_bank13 000000
__Hudata_bank14                                 udata_bank14 000000
__Hudata_bank2                                  udata_bank2  000000
__Hudata_bank3                                  udata_bank3  000000
__Hudata_bank4                                  udata_bank4  000000
__Hudata_bank5                                  udata_bank5  000000
__Hudata_bank6                                  udata_bank6  000000
__Hudata_bank7                                  udata_bank7  000000
__Hudata_bank8                                  udata_bank8  000000
__Hudata_bank9                                  udata_bank9  000000
__LRAM                                          (abs)        000001
__Labs1                                         abs1         000000
__Lbank0                                        bank0        000000
__Lbank1                                        bank1        000000
__Lbank10                                       bank10       000000
__Lbank11                                       bank11       000000
__Lbank12                                       bank12       000000
__Lbank13                                       bank13       000000
__Lbank14                                       bank14       000000
__Lbank2                                        bank2        000000
__Lbank3                                        bank3        000000
__Lbank4                                        bank4        000000
__Lbank5                                        bank5        000000
__Lbank6                                        bank6        000000
__Lbank7                                        bank7        000000
__Lbank8                                        bank8        000000
__Lbank9                                        bank9        000000
__Lbigbss                                       bigbss       000000
__Lbigdata                                      bigdata      000000
__Lbigram                                       bigram       000000
__Lbigsfr                                       bigsfr       000000
__Lbss                                          bss          000000
__LbssBANK0                                     bssBANK0     000000
__LbssBANK1                                     bssBANK1     000000
__LbssBIGRAM                                    bssBIGRAM    000000
__LbssCOMRAM                                    bssCOMRAM    000000
__Lcinit                                        cinit        000000
__Lclrtext                                      clrtext      000000
__Lcode                                         code         000000
__Lcomram                                       comram       000000
__Lconfig                                       config       000000
__Lconst                                        const        000000
__LcstackBANK0                                  cstackBANK0  000000
__LcstackCOMRAM                                 cstackCOMRAM 000000
__Ldata                                         data         000000
__Ledata                                        edata        000000
__Leeprom_data                                  eeprom_data  000000
__Lfarbss                                       farbss       000000
__Lfardata                                      fardata      000000
__Lheap                                         heap         000000
__Libigdata                                     ibigdata     000000
__Lidata                                        idata        000000
__Lidloc                                        idloc        000000
__Lifardata                                     ifardata     000000
__Linit                                         init         0000D4
__Lintcode                                      intcode      000008
__Lintcode_body                                 intcode_body 000000
__Lintcodelo                                    intcodelo    0000CE
__Lintentry                                     intentry     000000
__Lintret                                       intret       000000
__Lintsave_regs                                 intsave_regs 000000
__Lirdata                                       irdata       000000
__Lmediumconst                                  mediumconst  000000
__LnvBANK0                                      nvBANK0      000000
__LnvFARRAM                                     nvFARRAM     000000
__Lnvbit                                        nvbit        000000
__Lnvrram                                       nvrram       000000
__Lparam                                        rparam       000000
__Lpowerup                                      powerup      0000CE
__Lram                                          ram          000000
__Lramtop                                       ramtop       000F00
__Lrbit                                         rbit         000000
__Lrbss                                         rbss         000000
__Lrdata                                        rdata        000000
__Lreset_vec                                    reset_vec    000000
__Lrparam                                       rparam       000000
__Lsfr                                          sfr          000000
__Lsmallconst                                   smallconst   000F00
__Lspace_0                                      (abs)        000000
__Lspace_1                                      (abs)        000000
__Lspace_2                                      (abs)        000000
__Lspace_3                                      (abs)        000000
__Lspace_4                                      (abs)        000000
__Lstack                                        stack        000000
__Lstruct                                       struct       000000
__Ltemp                                         temp         000057
__Ltext                                         text         000000
__Ltext0                                        text0        000000
__Ltext1                                        text1        000000
__Ltext10                                       text10       000000
__Ltext11                                       text11       000000
__Ltext12                                       text12       000000
__Ltext13                                       text13       000000
__Ltext14                                       text14       000000
__Ltext15                                       text15       000000
__Ltext16                                       text16       000000
__Ltext17                                       text17       000000
__Ltext18                                       text18       000000
__Ltext19                                       text19       000000
__Ltext2                                        text2        000000
__Ltext20                                       text20       000000
__Ltext21                                       text21       000000
__Ltext22                                       text22       000000
__Ltext23                                       text23       000000
__Ltext24                                       text24       000000
__Ltext25                                       text25       000000
__Ltext26                                       text26       000000
__Ltext27                                       text27       000000
__Ltext28                                       text28       000000
__Ltext29                                       text29       000000
__Ltext3                                        text3        000000
__Ltext30                                       text30       000000
__Ltext31                                       text31       000000
__Ltext32                                       text32       000000
__Ltext34                                       text34       000000
__Ltext35                                       text35       000000
__Ltext36                                       text36       000000
__Ltext37                                       text37       000000
__Ltext38                                       text38       000000
__Ltext39                                       text39       000000
__Ltext4                                        text4        000000
__Ltext40                                       text40       000000
__Ltext41                                       text41       000000
__Ltext42                                       text42       000000
__Ltext43                                       text43       000000
__Ltext44                                       text44       000000
__Ltext45                                       text45       000000
__Ltext46                                       text46       000000
__Ltext5                                        text5        000000
__Ltext6                                        text6        000000
__Ltext7                                        text7        000000
__Ltext8                                        text8        000000
__Ltext9                                        text9        000000
__Ludata                                        udata        000000
__Ludata_acs                                    udata_acs    000000
__Ludata_bank0                                  udata_bank0  000000
__Ludata_bank1                                  udata_bank1  000000
__Ludata_bank10                                 udata_bank10 000000
__Ludata_bank11                                 udata_bank11 000000
__Ludata_bank12                                 udata_bank12 000000
__Ludata_bank13                                 udata_bank13 000000
__Ludata_bank14                                 udata_bank14 000000
__Ludata_bank2                                  udata_bank2  000000
__Ludata_bank3                                  udata_bank3  000000
__Ludata_bank4                                  udata_bank4  000000
__Ludata_bank5                                  udata_bank5  000000
__Ludata_bank6                                  udata_bank6  000000
__Ludata_bank7                                  udata_bank7  000000
__Ludata_bank8                                  udata_bank8  000000
__Ludata_bank9                                  udata_bank9  000000
__S0                                            (abs)        001F9E
__S1                                            (abs)        000934
__S3                                            (abs)        000000
__S4                                            (abs)        000000
__S5                                            (abs)        000000
___aodiv                                        text12       0013D4
___aodiv@counter                                cstackCOMRAM 000019
___aodiv@dividend                               cstackCOMRAM 000009
___aodiv@divisor                                cstackCOMRAM 000011
___aodiv@quotient                               cstackCOMRAM 00001B
___aodiv@sign                                   cstackCOMRAM 00001A
___aomod                                        text11       00155C
___aomod@counter                                cstackCOMRAM 000019
___aomod@dividend                               cstackCOMRAM 000009
___aomod@divisor                                cstackCOMRAM 000011
___aomod@sign                                   cstackCOMRAM 00001A
___heap_hi                                      (abs)        000000
___heap_lo                                      (abs)        000000
___inthi_sp                                     stack        000000
___intlo_sp                                     stack        000000
___param_bank                                   (abs)        000000
___rparam_used                                  (abs)        000001
___sp                                           stack        000000
__accesstop                                     (abs)        000060
__activetblptr                                  (abs)        000003
__end_of_ADCC_DefaultInterruptHandler           text45       001F9E
__end_of_ADCC_GetSingleConversion               text32       001E16
__end_of_ADCC_ISR                               text44       001D24
__end_of_ADCC_Initialize                        text30       001A64
__end_of_ADCC_SetADIInterruptHandler            text31       001F92
__end_of_CCP2_CaptureISR                        text43       001852
__end_of_CCP2_Initialize                        text28       001DE8
__end_of_CCP2_SetCallBack                       text29       001F84
__end_of_EUSART2_Initialize                     text24       001B5E
__end_of_EUSART2_SetErrorHandler                text27       001F76
__end_of_EUSART2_SetFramingErrorHandler         text26       001F68
__end_of_EUSART2_SetOverrunErrorHandler         text25       001F5A
__end_of_EUSART2_Write                          text14       001EEC
__end_of_INTERRUPT_Initialize                   text23       001F96
__end_of_INTERRUPT_InterruptManager             intcode      0000CE
__end_of_IRAddress                              smallconst   000F2A
__end_of_KEYCODE                                smallconst   000F19
__end_of_OSCILLATOR_Initialize                  text22       001F04
__end_of_PIN_MANAGER_Initialize                 text21       001AC0
__end_of_PMD_Initialize                         text20       001ED4
__end_of_SYSTEM_Initialize                      text15       001EB8
__end_of_SendToUart                             text13       001DB8
__end_of_TMR1_CallBack                          text40       001D88
__end_of_TMR1_DefaultInterruptHandler           text41       001F9C
__end_of_TMR1_ISR                               text38       001F30
__end_of_TMR1_Initialize                        text18       001BF2
__end_of_TMR1_SetInterruptHandler               text19       001F4C
__end_of_TMR1_WriteTimer                        text39       001E92
__end_of_TMR3_CallBack                          text36       001D56
__end_of_TMR3_DefaultInterruptHandler           text37       001F9A
__end_of_TMR3_ISR                               text34       001F1A
__end_of_TMR3_Initialize                        text16       001BA8
__end_of_TMR3_SetInterruptHandler               text17       001F3E
__end_of_TMR3_WriteTimer                        text35       001E6A
__end_of_Tmr1_intt                              text42       001E42
__end_of___aodiv                                text12       00155C
__end_of___aomod                                text11       0016C0
__end_of__initialization                        cinit        001C6E
__end_of_abs                                    text10       001CB8
__end_of_dtoa                                   text4        00120C
__end_of_fputc                                  text8        00178A
__end_of_fputs                                  text7        001C36
__end_of_main                                   text0        001998
__end_of_pad                                    text5        001914
__end_of_putch                                  text9        001F98
__end_of_sprintf                                text1        001B12
__end_of_strlen                                 text6        001CEE
__end_of_vfpfcnvrt                              text3        0013D4
__end_of_vfprintf                               text2        0019FE
__initialization                                cinit        001C36
__mediumconst                                   mediumconst  000000
__pbssBANK0                                     bssBANK0     000060
__pbssBANK1                                     bssBANK1     000100
__pbssBIGRAM                                    bssBIGRAM    000164
__pbssCOMRAM                                    bssCOMRAM    00004E
__pcinit                                        cinit        001C36
__pcstackBANK0                                  cstackBANK0  0000AB
__pcstackCOMRAM                                 cstackCOMRAM 000001
__pintcode                                      intcode      000008
__pnvBANK0                                      nvBANK0      0000D2
__psmallconst                                   smallconst   000F00
__ptext0                                        text0        001914
__ptext1                                        text1        001AC0
__ptext10                                       text10       001C78
__ptext11                                       text11       00155C
__ptext12                                       text12       0013D4
__ptext13                                       text13       001D88
__ptext14                                       text14       001ED4
__ptext15                                       text15       001E92
__ptext16                                       text16       001B5E
__ptext17                                       text17       001F30
__ptext18                                       text18       001BA8
__ptext19                                       text19       001F3E
__ptext2                                        text2        001998
__ptext20                                       text20       001EB8
__ptext21                                       text21       001A64
__ptext22                                       text22       001EEC
__ptext23                                       text23       001F92
__ptext24                                       text24       001B12
__ptext25                                       text25       001F4C
__ptext26                                       text26       001F5A
__ptext27                                       text27       001F68
__ptext28                                       text28       001DB8
__ptext29                                       text29       001F76
__ptext3                                        text3        00120C
__ptext30                                       text30       0019FE
__ptext31                                       text31       001F84
__ptext32                                       text32       001DE8
__ptext34                                       text34       001F04
__ptext35                                       text35       001E42
__ptext36                                       text36       001D24
__ptext37                                       text37       001F98
__ptext38                                       text38       001F1A
__ptext39                                       text39       001E6A
__ptext4                                        text4        000F2E
__ptext40                                       text40       001D56
__ptext41                                       text41       001F9A
__ptext42                                       text42       001E16
__ptext43                                       text43       00178A
__ptext44                                       text44       001CEE
__ptext45                                       text45       001F9C
__ptext46                                       text46       000000
__ptext5                                        text5        001852
__ptext6                                        text6        001CB8
__ptext7                                        text7        001BF2
__ptext8                                        text8        0016C0
__ptext9                                        text9        001F96
__ramtop                                        ramtop       000F00
__smallconst                                    smallconst   000F00
_abs                                            text10       001C78
_adc                                            nvBANK0      0000E7
_dbuf                                           bssBANK0     00008B
_dtoa                                           text4        000F2E
_dtoa$1944                                      cstackCOMRAM 000036
_dummy                                          nvBANK0      0000E9
_eusart2RxLastError                             bssCOMRAM    000056
_flags                                          bssCOMRAM    000050
_fputc                                          text8        0016C0
_fputs                                          text7        001BF2
_jj                                             bssCOMRAM    000053
_kk                                             bssCOMRAM    000052
_kl                                             bssBANK0     000086
_main                                           text0        001914
_nout                                           bssBANK0     000080
_pad                                            text5        001852
_prec                                           bssCOMRAM    00004E
_putch                                          text9        001F96
_sprintf                                        text1        001AC0
_strlen                                         text6        001CB8
_timer1ReloadVal                                nvBANK0      0000ED
_timer3ReloadVal                                nvBANK0      0000EB
_tt                                             bssBANK0     000084
_vfpfcnvrt                                      text3        00120C
_vfprintf                                       text2        001998
_width                                          bssBANK0     000082
abs@a                                           cstackCOMRAM 00001B
btemp                                           temp         000057
dtoa@d                                          cstackCOMRAM 000026
dtoa@fp                                         cstackCOMRAM 000024
dtoa@i                                          cstackCOMRAM 000046
dtoa@n                                          cstackCOMRAM 00003E
dtoa@p                                          cstackCOMRAM 000038
dtoa@s                                          cstackCOMRAM 00003C
dtoa@w                                          cstackCOMRAM 00003A
end_of_initialization                           cinit        001C6E
fputc@c                                         cstackCOMRAM 000009
fputc@fp                                        cstackCOMRAM 00000B
fputs@c                                         cstackCOMRAM 000016
fputs@fp                                        cstackCOMRAM 000014
fputs@i                                         cstackCOMRAM 000017
fputs@s                                         cstackCOMRAM 000012
int$flags                                       temp         000057
intlevel0                                       text         000000
intlevel1                                       text         000000
intlevel2                                       text         000000
intlevel3                                       text         000000
isa$std                                         (abs)        000001
isa$xinst                                       (abs)        000000
pad@buf                                         cstackCOMRAM 00001B
pad@fp                                          cstackCOMRAM 000019
pad@i                                           cstackCOMRAM 000020
pad@p                                           cstackCOMRAM 00001D
pad@w                                           cstackCOMRAM 000022
powerup                                         powerup      0000CE
sprintf@ap                                      cstackBANK0  0000C3
sprintf@f                                       cstackBANK0  0000C5
sprintf@fmt                                     cstackBANK0  0000BF
sprintf@s                                       cstackBANK0  0000BD
stackhi                                         (abs)        000000
stacklo                                         (abs)        000000
start                                           init         0000D4
start_initialization                            cinit        001C36
strlen@a                                        cstackCOMRAM 00000B
strlen@s                                        cstackCOMRAM 000009
ttemp5                                          temp         000058
ttemp6                                          temp         00005B
ttemp7                                          temp         00005F
vfpfcnvrt@ap                                    cstackCOMRAM 00004C
vfpfcnvrt@fmt                                   cstackCOMRAM 00004A
vfpfcnvrt@fp                                    cstackCOMRAM 000048
vfpfcnvrt@ll                                    cstackBANK0  0000AD
vfprintf@ap                                     cstackBANK0  0000B9
vfprintf@cfmt                                   cstackBANK0  0000BB
vfprintf@fmt                                    cstackBANK0  0000B7
vfprintf@fp                                     cstackBANK0  0000B5
wtemp8                                          temp         000058


MODULE INFORMATION

Module		Function		Class		Link	Load	Size
/opt/microchip/xc8/v2.35/pic/sources/c99/common/aomod.c
		___aomod       		CODE           	155C	0000	356

/opt/microchip/xc8/v2.35/pic/sources/c99/common/aomod.c estimated size: 356

mcc_generated_files/eusart2.c
		_EUSART2_SetOverrunErrorHandler		CODE           	1F4C	0000	14
		_EUSART2_SetErrorHandler		CODE           	1F68	0000	14
		_EUSART2_Write 		CODE           	1ED4	0000	24
		_EUSART2_Initialize		CODE           	1B12	0000	76
		_EUSART2_SetFramingErrorHandler		CODE           	1F5A	0000	14

mcc_generated_files/eusart2.c estimated size: 142

/opt/microchip/xc8/v2.35/pic/sources/c99/common/putch.c
		_putch         		CODE           	1F96	0000	2

/opt/microchip/xc8/v2.35/pic/sources/c99/common/putch.c estimated size: 2

mcc_generated_files/interrupt_manager.c
		_INTERRUPT_Initialize		CODE           	1F92	0000	4
		_INTERRUPT_InterruptManager		CODE           	0008	0000	198

mcc_generated_files/interrupt_manager.c estimated size: 202

/opt/microchip/xc8/v2.35/pic/sources/c99/common/strlen.c
		_strlen        		CODE           	1CB8	0000	54

/opt/microchip/xc8/v2.35/pic/sources/c99/common/strlen.c estimated size: 54

mcc_generated_files/pin_manager.c
		_PIN_MANAGER_Initialize		CODE           	1A64	0000	92

mcc_generated_files/pin_manager.c estimated size: 92

/opt/microchip/xc8/v2.35/pic/sources/c99/common/abs.c
		_abs           		CODE           	1C78	0000	64

/opt/microchip/xc8/v2.35/pic/sources/c99/common/abs.c estimated size: 64

/opt/microchip/xc8/v2.35/pic/sources/c99/common/aodiv.c
		___aodiv       		CODE           	13D4	0000	392

/opt/microchip/xc8/v2.35/pic/sources/c99/common/aodiv.c estimated size: 392

mcc_generated_files/ccp2.c
		_CCP2_SetCallBack		CODE           	1F76	0000	14
		_CCP2_CaptureISR		CODE           	178A	0000	200
		_CCP2_Initialize		CODE           	1DB8	0000	48

mcc_generated_files/ccp2.c estimated size: 262

/opt/microchip/xc8/v2.35/pic/sources/c99/common/nf_fputs.c
		_fputs         		CODE           	1BF2	0000	68

/opt/microchip/xc8/v2.35/pic/sources/c99/common/nf_fputs.c estimated size: 68

/opt/microchip/xc8/v2.35/pic/sources/c99/common/doprnt.c
		_vfpfcnvrt     		CODE           	120C	0000	456
		_pad           		CODE           	1852	0000	194
		_dtoa          		CODE           	0F2E	0000	734
		_vfprintf      		CODE           	1998	0000	102

/opt/microchip/xc8/v2.35/pic/sources/c99/common/doprnt.c estimated size: 1486

shared
		_KEYCODE       		SMALLCONST     	0F01	0000	24
		__initialization		CODE           	1C36	0000	56
		_IRAddress     		SMALLCONST     	0F19	0000	17

shared estimated size: 97

mcc_generated_files/mcc.c
		_PMD_Initialize		CODE           	1EB8	0000	28
		_OSCILLATOR_Initialize		CODE           	1EEC	0000	24
		_SYSTEM_Initialize		CODE           	1E92	0000	38

mcc_generated_files/mcc.c estimated size: 90

mcc_generated_files/tmr3.c
		_TMR3_ISR      		CODE           	1F04	0000	22
		_TMR3_Initialize		CODE           	1B5E	0000	74
		_TMR3_SetInterruptHandler		CODE           	1F30	0000	14
		_TMR3_DefaultInterruptHandler		CODE           	1F98	0000	2
		_TMR3_CallBack 		CODE           	1D24	0000	50
		_TMR3_WriteTimer		CODE           	1E42	0000	40

mcc_generated_files/tmr3.c estimated size: 202

mcc_generated_files/tmr1.c
		_TMR1_Initialize		CODE           	1BA8	0000	74
		_TMR1_SetInterruptHandler		CODE           	1F3E	0000	14
		_TMR1_DefaultInterruptHandler		CODE           	1F9A	0000	2
		_TMR1_CallBack 		CODE           	1D56	0000	50
		_TMR1_WriteTimer		CODE           	1E6A	0000	40
		_TMR1_ISR      		CODE           	1F1A	0000	22

mcc_generated_files/tmr1.c estimated size: 202

mcc_generated_files/adcc.c
		_ADCC_DefaultInterruptHandler		CODE           	1F9C	0000	2
		_ADCC_GetSingleConversion		CODE           	1DE8	0000	46
		_ADCC_SetADIInterruptHandler		CODE           	1F84	0000	14
		_ADCC_ISR      		CODE           	1CEE	0000	54
		_ADCC_Initialize		CODE           	19FE	0000	102

mcc_generated_files/adcc.c estimated size: 218

main.c
		_main          		CODE           	1914	0000	132
		_Tmr1_intt     		CODE           	1E16	0000	44
		_SendToUart    		CODE           	1D88	0000	48

main.c estimated size: 224

/opt/microchip/xc8/v2.35/pic/sources/c99/common/nf_sprintf.c
		_sprintf       		CODE           	1AC0	0000	82

/opt/microchip/xc8/v2.35/pic/sources/c99/common/nf_sprintf.c estimated size: 82

/opt/microchip/xc8/v2.35/pic/sources/c99/common/nf_fputc.c
		_fputc         		CODE           	16C0	0000	202

/opt/microchip/xc8/v2.35/pic/sources/c99/common/nf_fputc.c estimated size: 202

