Microchip MPLAB XC8 Compiler V2.35

Linker command line:

-W-3 --edf=/opt/microchip/xc8/v2.35/pic/dat/en_msgs.txt -cn \
  -h+dist/default/production/serial_data.X.production.sym \
  --cmf=dist/default/production/serial_data.X.production.cmf -z -Q16F1718 \
  -o/tmp/xcXhMgGiD --defsym=__MPLAB_BUILD=1 \
  -Mdist/default/production/serial_data.X.production.map \
  --md=/tmp/xcXafFNmF.dat -E1 -ver=XC8 Compiler --acfsm=1493 \
  -ACODE=00h-07FFhx8 -ASTRCODE=00h-03FFFh -ASTRING=00h-0FFhx64 \
  -ACONST=00h-0FFhx64 -AENTRY=00h-0FFhx64 -ACOMMON=070h-07Fh \
  -ABANK0=020h-06Fh -ABANK1=0A0h-0EFh -ABANK2=0120h-016Fh \
  -ABANK3=01A0h-01EFh -ABANK4=0220h-026Fh -ABANK5=02A0h-02EFh \
  -ABANK6=0320h-036Fh -ABANK7=03A0h-03EFh -ABANK8=0420h-046Fh \
  -ABANK9=04A0h-04EFh -ABANK10=0520h-056Fh -ABANK11=05A0h-05EFh \
  -ABANK12=0620h-066Fh -ABANK13=06A0h-06EFh -ABANK14=0720h-076Fh \
  -ABANK15=07A0h-07EFh -ABANK16=0820h-086Fh -ABANK17=08A0h-08EFh \
  -ABANK18=0920h-096Fh -ABANK19=09A0h-09EFh -ABANK20=0A20h-0A6Fh \
  -ABANK21=0AA0h-0AEFh -ABANK22=0B20h-0B6Fh -ABANK23=0BA0h-0BEFh \
  -ABANK24=0C20h-0C6Fh -ABANK25=0CA0h-0CBFh -ABIGRAM=02000h-027EFh \
  -ARAM=020h-06Fh,0A0h-0EFh,0120h-016Fh,01A0h-01EFh,0220h-026Fh,02A0h-02EFh,0320h-036Fh,03A0h-03EFh,0420h-046Fh,04A0h-04EFh,0520h-056Fh,05A0h-05EFh,0620h-066Fh,06A0h-06EFh,0720h-076Fh,07A0h-07EFh,0820h-086Fh,08A0h-08EFh,0920h-096Fh,09A0h-09EFh,0A20h-0A6Fh,0AA0h-0AEFh,0B20h-0B6Fh,0BA0h-0BEFh,0C20h-0C6Fh,0CA0h-0CBFh \
  -AABS1=020h-07Fh,0A0h-0EFh,0120h-016Fh,01A0h-01EFh,0220h-026Fh,02A0h-02EFh,0320h-036Fh,03A0h-03EFh,0420h-046Fh,04A0h-04EFh,0520h-056Fh,05A0h-05EFh,0620h-066Fh,06A0h-06EFh,0720h-076Fh,07A0h-07EFh,0820h-086Fh,08A0h-08EFh,0920h-096Fh,09A0h-09EFh,0A20h-0A6Fh,0AA0h-0AEFh,0B20h-0B6Fh,0BA0h-0BEFh,0C20h-0C6Fh,0CA0h-0CBFh \
  -ASFR0=00h-01Fh -ASFR1=080h-09Fh -ASFR2=0100h-011Fh -ASFR3=0180h-019Fh \
  -ASFR4=0200h-021Fh -ASFR5=0280h-029Fh -ASFR6=0300h-031Fh \
  -ASFR7=0380h-039Fh -ASFR8=0400h-041Fh -ASFR9=0480h-049Fh \
  -ASFR10=0500h-051Fh -ASFR11=0580h-059Fh -ASFR12=0600h-061Fh \
  -ASFR13=0680h-069Fh -ASFR14=0700h-071Fh -ASFR15=0780h-079Fh \
  -ASFR16=0800h-081Fh -ASFR17=0880h-089Fh -ASFR18=0900h-091Fh \
  -ASFR19=0980h-099Fh -ASFR20=0A00h-0A1Fh -ASFR21=0A80h-0A9Fh \
  -ASFR22=0B00h-0B1Fh -ASFR23=0B80h-0B9Fh -ASFR24=0C00h-0C1Fh \
  -ASFR25=0C80h-0C9Fh -ASFR26=0D00h-0D6Fh -ASFR27=0D80h-0DEFh \
  -ASFR28=0E00h-0E6Fh -ASFR29=0E80h-0EEFh -ASFR30=0F00h-0F6Fh \
  -ASFR31=0F80h-0FEFh -ACONFIG=08007h-08008h -DCONFIG=2 \
  -AIDLOC=08000h-08003h -DIDLOC=2 -DCODE=2 -DSTRCODE=2 -DSTRING=2 -DCONST=2 \
  -DENTRY=2 -preset_vec=00h,intentry=04h,init,end_init -ppowerup=CODE \
  -pcinit=CODE -pfunctab=ENTRY -k /tmp/xcXBmPjLP.o \
  dist/default/production/serial_data.X.production.o 

Object code version is 3.11

Machine type is 16F1718



                Name                               Link     Load   Length Selector   Space Scale
/tmp/xcXBmPjLP.o
                end_init                             3A       3A        2        8       0
                reset_vec                             0        0        2        0       0
                config                             8007     8007        2        0       4
                idloc                              8000     8000        4        0       5
dist/default/production/serial_data.X.production.o
                cinit                                3C       3C       14        8       0
                intentry                              4        4       36        8       0
                config                             8007     8007        2        0       4
                idloc                              8000     8000        4        0       5
                text25                              1D3      1D3       19        8       0
                text24                              2AE      2AE        4      54C       0
                text23                              2B6      2B6        1      56A       0
                text22                              2AA      2AA        4      54C       0
                text21                              198      198       22        8       0
                text20                              16B      16B       2D        8       0
                text19                              2B5      2B5        1      56A       0
                text18                              24A      24A        D      408       0
                text17                              21C      21C       11      408       0
                text16                              23D      23D        D      408       0
                text15                               50       50       67        8       0
                text14                               FC       FC       39        8       0
                text12                              282      282        6      408       0
                text11                              27C      27C        6      408       0
                text10                              276      276        6      408       0
                text9                               270      270        6      408       0
                text8                               26A      26A        6      408       0
                text7                                B7       B7       45        8       0
                text6                               257      257        7      408       0
                text5                               135      135       36        8       0
                text4                               264      264        6      408       0
                text3                               1BA      1BA       19        8       0
                text2                               2A6      2A6        4      54C       0
                text1                               22D      22D       10      408       0
                maintext                            204      204       18      408       0
                cstackBANK0                          52       52        3       20       1
                cstackCOMMON                         78       78        3       70       1
                clrtext                             25E      25E        6      408       0
                bssBANK0                             20       20       23       20       1
                bssCOMMON                            70       70        8       70       1
                nvBANK0                              43       43        F       20       1
                stringtext8                         2B2      2B2        3      564       0
                stringtext7                         2A1      2A1        5      510       0
                stringtext6                         29C      29C        5      510       0
                stringtext5                         297      297        5      510       0
                stringtext4                         292      292        5      510       0
                stringtext3                         28D      28D        5      510       0
                stringtext2                         288      288        5      510       0
                stringtext1                         1EC      1EC       18      3D8       0

TOTAL           Name                               Link     Load   Length     Space
        CLASS   CODE           
                end_init                             3A       3A        2         0
                cinit                                3C       3C       14         0
                intentry                              4        4       36         0
                reset_vec                             0        0        2         0
                text25                              1D3      1D3       19         0
                text24                              2AE      2AE        4         0
                text23                              2B6      2B6        1         0
                text22                              2AA      2AA        4         0
                text21                              198      198       22         0
                text20                              16B      16B       2D         0
                text19                              2B5      2B5        1         0
                text18                              24A      24A        D         0
                text17                              21C      21C       11         0
                text16                              23D      23D        D         0
                text15                               50       50       67         0
                text14                               FC       FC       39         0
                text12                              282      282        6         0
                text11                              27C      27C        6         0
                text10                              276      276        6         0
                text9                               270      270        6         0
                text8                               26A      26A        6         0
                text7                                B7       B7       45         0
                text6                               257      257        7         0
                text5                               135      135       36         0
                text4                               264      264        6         0
                text3                               1BA      1BA       19         0
                text2                               2A6      2A6        4         0
                text1                               22D      22D       10         0
                maintext                            204      204       18         0
                clrtext                             25E      25E        6         0

        CLASS   STRCODE        
                stringtext8                         2B2      2B2        3         0
                stringtext7                         2A1      2A1        5         0
                stringtext6                         29C      29C        5         0
                stringtext5                         297      297        5         0
                stringtext4                         292      292        5         0
                stringtext3                         28D      28D        5         0
                stringtext2                         288      288        5         0
                stringtext1                         1EC      1EC       18         0

        CLASS   STRING         

        CLASS   CONST          

        CLASS   ENTRY          

        CLASS   COMMON         
                cstackCOMMON                         78       78        3         1
                bssCOMMON                            70       70        8         1

        CLASS   BANK0          
                cstackBANK0                          52       52        3         1
                bssBANK0                             20       20       23         1
                nvBANK0                              43       43        F         1

        CLASS   BANK1          

        CLASS   BANK2          

        CLASS   BANK3          

        CLASS   BANK4          

        CLASS   BANK5          

        CLASS   BANK6          

        CLASS   BANK7          

        CLASS   BANK8          

        CLASS   BANK9          

        CLASS   BANK10         

        CLASS   BANK11         

        CLASS   BANK12         

        CLASS   BANK13         

        CLASS   BANK14         

        CLASS   BANK15         

        CLASS   BANK16         

        CLASS   BANK17         

        CLASS   BANK18         

        CLASS   BANK19         

        CLASS   BANK20         

        CLASS   BANK21         

        CLASS   BANK22         

        CLASS   BANK23         

        CLASS   BANK24         

        CLASS   BANK25         

        CLASS   BIGRAM         

        CLASS   RAM            

        CLASS   ABS1           
                abs_s1                               7E       7E        2         1

        CLASS   SFR0           

        CLASS   SFR1           

        CLASS   SFR2           

        CLASS   SFR3           

        CLASS   SFR4           

        CLASS   SFR5           

        CLASS   SFR6           

        CLASS   SFR7           

        CLASS   SFR8           

        CLASS   SFR9           

        CLASS   SFR10          

        CLASS   SFR11          

        CLASS   SFR12          

        CLASS   SFR13          

        CLASS   SFR14          

        CLASS   SFR15          

        CLASS   SFR16          

        CLASS   SFR17          

        CLASS   SFR18          

        CLASS   SFR19          

        CLASS   SFR20          

        CLASS   SFR21          

        CLASS   SFR22          

        CLASS   SFR23          

        CLASS   SFR24          

        CLASS   SFR25          

        CLASS   SFR26          

        CLASS   SFR27          

        CLASS   SFR28          

        CLASS   SFR29          

        CLASS   SFR30          

        CLASS   SFR31          

        CLASS   CONFIG         
                config                             8007     8007        2         4

        CLASS   IDLOC          
                idloc                              8000     8000        4         5

        CLASS   BANK31         

        CLASS   BANK30         

        CLASS   BANK29         

        CLASS   BANK28         

        CLASS   BANK27         

        CLASS   BANK26         

        CLASS   HEAP           

        CLASS   STACK          

        CLASS   EEDATA         



SEGMENTS        Name                           Load    Length   Top    Selector   Space  Class     Delta

                text2                          0002A6  00000C  0002B2       54C       0  CODE        2
                reset_vec                      000000  000002  000002         0       0  CODE        2
                stringtext2                    000288  00001E  0002A6       510       0  STRCODE     2
                stringtext1                    0001EC  000018  000204       3D8       0  STRCODE     2
                maintext                       000204  000084  000288       408       0  CODE        2
                stringtext8                    0002B2  000003  0002B5       564       0  STRCODE     2
                text19                         0002B5  000002  0002B7       56A       0  CODE        2
                bssBANK0                       000020  000035  000055        20       1  BANK0       1
                bssCOMMON                      000070  00000B  00007B        70       1  COMMON      1
                intentry                       000004  0001E8  0001EC         8       0  CODE        2


UNUSED ADDRESS RANGES

        Name                Unused          Largest block    Delta
        BANK0            00055-0006F              1B           1
        BANK1            000A0-000EF              50           1
        BANK10           00520-0056F              50           1
        BANK11           005A0-005EF              50           1
        BANK12           00620-0066F              50           1
        BANK13           006A0-006EF              50           1
        BANK14           00720-0076F              50           1
        BANK15           007A0-007EF              50           1
        BANK16           00820-0086F              50           1
        BANK17           008A0-008EF              50           1
        BANK18           00920-0096F              50           1
        BANK19           009A0-009EF              50           1
        BANK2            00120-0016F              50           1
        BANK20           00A20-00A6F              50           1
        BANK21           00AA0-00AEF              50           1
        BANK22           00B20-00B6F              50           1
        BANK23           00BA0-00BEF              50           1
        BANK24           00C20-00C6F              50           1
        BANK25           00CA0-00CBF              20           1
        BANK3            001A0-001EF              50           1
        BANK4            00220-0026F              50           1
        BANK5            002A0-002EF              50           1
        BANK6            00320-0036F              50           1
        BANK7            003A0-003EF              50           1
        BANK8            00420-0046F              50           1
        BANK9            004A0-004EF              50           1
        BIGRAM           02000-027EF             7F0           1
        CODE             00002-00003               2           2
                         002B7-03FFF             800
        COMMON           0007B-0007D               3           1
        CONST            00002-00003               2           2
                         002B7-03FFF             100
        ENTRY            00002-00003               2           2
                         002B7-03FFF             100
        RAM              00055-0006F              1B           1
                         000A0-000EF              50
                         00120-0016F              50
                         001A0-001EF              50
                         00220-0026F              50
                         002A0-002EF              50
                         00320-0036F              50
                         003A0-003EF              50
                         00420-0046F              50
                         004A0-004EF              50
                         00520-0056F              50
                         005A0-005EF              50
                         00620-0066F              50
                         006A0-006EF              50
                         00720-0076F              50
                         007A0-007EF              50
                         00820-0086F              50
                         008A0-008EF              50
                         00920-0096F              50
                         009A0-009EF              50
                         00A20-00A6F              50
                         00AA0-00AEF              50
                         00B20-00B6F              50
                         00BA0-00BEF              50
                         00C20-00C6F              50
                         00CA0-00CBF              20
        SFR0             00000-0001F              20           1
        SFR1             00080-0009F              20           1
        SFR10            00500-0051F              20           1
        SFR11            00580-0059F              20           1
        SFR12            00600-0061F              20           1
        SFR13            00680-0069F              20           1
        SFR14            00700-0071F              20           1
        SFR15            00780-0079F              20           1
        SFR16            00800-0081F              20           1
        SFR17            00880-0089F              20           1
        SFR18            00900-0091F              20           1
        SFR19            00980-0099F              20           1
        SFR2             00100-0011F              20           1
        SFR20            00A00-00A1F              20           1
        SFR21            00A80-00A9F              20           1
        SFR22            00B00-00B1F              20           1
        SFR23            00B80-00B9F              20           1
        SFR24            00C00-00C1F              20           1
        SFR25            00C80-00C9F              20           1
        SFR26            00D00-00D6F              70           1
        SFR27            00D80-00DEF              70           1
        SFR28            00E00-00E6F              70           1
        SFR29            00E80-00EEF              70           1
        SFR3             00180-0019F              20           1
        SFR30            00F00-00F6F              70           1
        SFR31            00F80-00FEF              70           1
        SFR4             00200-0021F              20           1
        SFR5             00280-0029F              20           1
        SFR6             00300-0031F              20           1
        SFR7             00380-0039F              20           1
        SFR8             00400-0041F              20           1
        SFR9             00480-0049F              20           1
        STRCODE          00002-00003               2           2
                         002B7-03FFF            3D49
        STRING           00002-00003               2           2
                         002B7-03FFF             100

                                  Symbol Table

EUSART_SetErrorHandler@interruptHandler        cstackBANK0  00052
EUSART_SetFramingErrorHandler@interruptHandler cstackBANK0  00052
EUSART_SetOverrunErrorHandler@interruptHandler cstackBANK0  00052
EUSART_SetRxInterruptHandler@interruptHandler  cstackBANK0  00052
EUSART_SetTxInterruptHandler@interruptHandler  cstackBANK0  00052
TMR1_SetInterruptHandler@InterruptHandler      cstackBANK0  00052
TMR1_WriteTimer@timerVal                       cstackCOMMON 00078
Tmr1_intt@i                                    cstackCOMMON 00079
_ANSELA                                        (abs)        0018C
_ANSELB                                        (abs)        0018D
_ANSELC                                        (abs)        0018E
_BAUD1CON                                      (abs)        0019F
_BORCON                                        (abs)        00116
_EUSART_DefaultErrorHandler                    text24       002AE
_EUSART_DefaultFramingErrorHandler             text23       002B6
_EUSART_DefaultOverrunErrorHandler             text22       002AA
_EUSART_ErrorHandler                           nvBANK0      00047
_EUSART_FramingErrorHandler                    nvBANK0      0004B
_EUSART_Initialize                             text7        000B7
_EUSART_OverrunErrorHandler                    nvBANK0      00049
_EUSART_Receive_ISR                            text14       000FC
_EUSART_RxDataHandler                          text25       001D3
_EUSART_RxDefaultInterruptHandler              nvBANK0      0004D
_EUSART_SetErrorHandler                        text12       00282
_EUSART_SetFramingErrorHandler                 text11       0027C
_EUSART_SetOverrunErrorHandler                 text10       00276
_EUSART_SetRxInterruptHandler                  text9        00270
_EUSART_SetTxInterruptHandler                  text8        0026A
_EUSART_Transmit_ISR                           text21       00198
_EUSART_TxDefaultInterruptHandler              nvBANK0      0004F
_INLVLA                                        (abs)        0038C
_INLVLB                                        (abs)        0038D
_INLVLC                                        (abs)        0038E
_INLVLE                                        (abs)        00390
_INTCONbits                                    (abs)        0000B
_INTERRUPT_InterruptManager                    intentry     00004
_LATA                                          (abs)        0010C
_LATAbits                                      (abs)        0010C
_LATB                                          (abs)        0010D
_LATC                                          (abs)        0010E
_MyBuf                                         bssBANK0     00038
_ODCONA                                        (abs)        0028C
_ODCONB                                        (abs)        0028D
_ODCONC                                        (abs)        0028E
_OPTION_REGbits                                (abs)        00095
_OSCCON                                        (abs)        00099
_OSCILLATOR_Initialize                         text6        00257
_OSCTUNE                                       (abs)        00098
_PIE1bits                                      (abs)        00091
_PIN_MANAGER_Initialize                        text5        00135
_PIR1bits                                      (abs)        00011
_Press                                         bssBANK0     0003F
_RC1REG                                        (abs)        00199
_RC1STA                                        (abs)        0019D
_RC1STAbits                                    (abs)        0019D
_RC6PPS                                        (abs)        00EA6
_RXPPS                                         (abs)        00E24
_RX_index                                      bssCOMMON    00071
_SLRCONA                                       (abs)        0030C
_SLRCONB                                       (abs)        0030D
_SLRCONC                                       (abs)        0030E
_SP1BRGH                                       (abs)        0019C
_SP1BRGL                                       (abs)        0019B
_SYSTEM_Initialize                             text1        0022D
_T1CON                                         (abs)        00018
_T1CONbits                                     (abs)        00018
_T1GCON                                        (abs)        00019
_T1GCONbits                                    (abs)        00019
_TMR1H                                         (abs)        00017
_TMR1L                                         (abs)        00016
_TMR1_CallBack                                 text18       0024A
_TMR1_DefaultInterruptHandler                  text19       002B5
_TMR1_ISR                                      text16       0023D
_TMR1_Initialize                               text3        001BA
_TMR1_InterruptHandler                         nvBANK0      00043
_TMR1_SetInterruptHandler                      text4        00264
_TMR1_WriteTimer                               text17       0021C
_TRISA                                         (abs)        0008C
_TRISB                                         (abs)        0008D
_TRISC                                         (abs)        0008E
_TRISE                                         (abs)        00090
_TX1REG                                        (abs)        0019A
_TX1STA                                        (abs)        0019E
_TX1STAbits                                    (abs)        0019E
_Tmr1_intt                                     text20       0016B
_WDTCON                                        (abs)        00097
_WDT_Initialize                                text2        002A6
_WPUA                                          (abs)        0020C
_WPUB                                          (abs)        0020D
_WPUC                                          (abs)        0020E
_WPUE                                          (abs)        00210
__Habs1                                        abs1         00000
__Hbank0                                       bank0        00000
__Hbank1                                       bank1        00000
__Hbank10                                      bank10       00000
__Hbank11                                      bank11       00000
__Hbank12                                      bank12       00000
__Hbank13                                      bank13       00000
__Hbank14                                      bank14       00000
__Hbank15                                      bank15       00000
__Hbank16                                      bank16       00000
__Hbank17                                      bank17       00000
__Hbank18                                      bank18       00000
__Hbank19                                      bank19       00000
__Hbank2                                       bank2        00000
__Hbank20                                      bank20       00000
__Hbank21                                      bank21       00000
__Hbank22                                      bank22       00000
__Hbank23                                      bank23       00000
__Hbank24                                      bank24       00000
__Hbank25                                      bank25       00000
__Hbank26                                      bank26       00000
__Hbank27                                      bank27       00000
__Hbank28                                      bank28       00000
__Hbank29                                      bank29       00000
__Hbank3                                       bank3        00000
__Hbank30                                      bank30       00000
__Hbank31                                      bank31       00000
__Hbank4                                       bank4        00000
__Hbank5                                       bank5        00000
__Hbank6                                       bank6        00000
__Hbank7                                       bank7        00000
__Hbank8                                       bank8        00000
__Hbank9                                       bank9        00000
__Hbigram                                      bigram       00000
__HbssBANK0                                    bssBANK0     00000
__HbssCOMMON                                   bssCOMMON    00000
__Hcinit                                       cinit        00050
__Hclrtext                                     clrtext      00000
__Hcode                                        code         00000
__Hcommon                                      common       00000
__Hconfig                                      config       08009
__HcstackBANK0                                 cstackBANK0  00000
__HcstackCOMMON                                cstackCOMMON 00000
__Heeprom_data                                 eeprom_data  00000
__Hend_init                                    end_init     0003C
__Hfunctab                                     functab      00000
__Hheap                                        heap         00000
__Hidloc                                       idloc        08004
__Hinit                                        init         0003A
__Hintentry                                    intentry     0003A
__Hmaintext                                    maintext     00000
__HnvBANK0                                     nvBANK0      00000
__Hpowerup                                     powerup      00000
__Hram                                         ram          00000
__Hreset_vec                                   reset_vec    00002
__Hsfr0                                        sfr0         00000
__Hsfr1                                        sfr1         00000
__Hsfr10                                       sfr10        00000
__Hsfr11                                       sfr11        00000
__Hsfr12                                       sfr12        00000
__Hsfr13                                       sfr13        00000
__Hsfr14                                       sfr14        00000
__Hsfr15                                       sfr15        00000
__Hsfr16                                       sfr16        00000
__Hsfr17                                       sfr17        00000
__Hsfr18                                       sfr18        00000
__Hsfr19                                       sfr19        00000
__Hsfr2                                        sfr2         00000
__Hsfr20                                       sfr20        00000
__Hsfr21                                       sfr21        00000
__Hsfr22                                       sfr22        00000
__Hsfr23                                       sfr23        00000
__Hsfr24                                       sfr24        00000
__Hsfr25                                       sfr25        00000
__Hsfr26                                       sfr26        00000
__Hsfr27                                       sfr27        00000
__Hsfr28                                       sfr28        00000
__Hsfr29                                       sfr29        00000
__Hsfr3                                        sfr3         00000
__Hsfr30                                       sfr30        00000
__Hsfr31                                       sfr31        00000
__Hsfr4                                        sfr4         00000
__Hsfr5                                        sfr5         00000
__Hsfr6                                        sfr6         00000
__Hsfr7                                        sfr7         00000
__Hsfr8                                        sfr8         00000
__Hsfr9                                        sfr9         00000
__Hspace_0                                     (abs)        002B7
__Hspace_1                                     (abs)        0007B
__Hspace_2                                     (abs)        00000
__Hspace_3                                     (abs)        00000
__Hspace_4                                     (abs)        10010
__Hstack                                       stack        00000
__Hstrings                                     strings      00000
__Hstringtext1                                 stringtext1  00000
__Hstringtext2                                 stringtext2  00000
__Hstringtext3                                 stringtext3  00000
__Hstringtext4                                 stringtext4  00000
__Hstringtext5                                 stringtext5  00000
__Hstringtext6                                 stringtext6  00000
__Hstringtext7                                 stringtext7  00000
__Hstringtext8                                 stringtext8  00000
__Htext                                        text         00000
__Labs1                                        abs1         00000
__Lbank0                                       bank0        00000
__Lbank1                                       bank1        00000
__Lbank10                                      bank10       00000
__Lbank11                                      bank11       00000
__Lbank12                                      bank12       00000
__Lbank13                                      bank13       00000
__Lbank14                                      bank14       00000
__Lbank15                                      bank15       00000
__Lbank16                                      bank16       00000
__Lbank17                                      bank17       00000
__Lbank18                                      bank18       00000
__Lbank19                                      bank19       00000
__Lbank2                                       bank2        00000
__Lbank20                                      bank20       00000
__Lbank21                                      bank21       00000
__Lbank22                                      bank22       00000
__Lbank23                                      bank23       00000
__Lbank24                                      bank24       00000
__Lbank25                                      bank25       00000
__Lbank26                                      bank26       00000
__Lbank27                                      bank27       00000
__Lbank28                                      bank28       00000
__Lbank29                                      bank29       00000
__Lbank3                                       bank3        00000
__Lbank30                                      bank30       00000
__Lbank31                                      bank31       00000
__Lbank4                                       bank4        00000
__Lbank5                                       bank5        00000
__Lbank6                                       bank6        00000
__Lbank7                                       bank7        00000
__Lbank8                                       bank8        00000
__Lbank9                                       bank9        00000
__Lbigram                                      bigram       00000
__LbssBANK0                                    bssBANK0     00000
__LbssCOMMON                                   bssCOMMON    00000
__Lcinit                                       cinit        0003C
__Lclrtext                                     clrtext      00000
__Lcode                                        code         00000
__Lcommon                                      common       00000
__Lconfig                                      config       00000
__LcstackBANK0                                 cstackBANK0  00000
__LcstackCOMMON                                cstackCOMMON 00000
__Leeprom_data                                 eeprom_data  00000
__Lend_init                                    end_init     0003A
__Lfunctab                                     functab      00000
__Lheap                                        heap         00000
__Lidloc                                       idloc        00000
__Linit                                        init         0003A
__Lintentry                                    intentry     00004
__Lmaintext                                    maintext     00000
__LnvBANK0                                     nvBANK0      00000
__Lpowerup                                     powerup      00000
__Lram                                         ram          00000
__Lreset_vec                                   reset_vec    00000
__Lsfr0                                        sfr0         00000
__Lsfr1                                        sfr1         00000
__Lsfr10                                       sfr10        00000
__Lsfr11                                       sfr11        00000
__Lsfr12                                       sfr12        00000
__Lsfr13                                       sfr13        00000
__Lsfr14                                       sfr14        00000
__Lsfr15                                       sfr15        00000
__Lsfr16                                       sfr16        00000
__Lsfr17                                       sfr17        00000
__Lsfr18                                       sfr18        00000
__Lsfr19                                       sfr19        00000
__Lsfr2                                        sfr2         00000
__Lsfr20                                       sfr20        00000
__Lsfr21                                       sfr21        00000
__Lsfr22                                       sfr22        00000
__Lsfr23                                       sfr23        00000
__Lsfr24                                       sfr24        00000
__Lsfr25                                       sfr25        00000
__Lsfr26                                       sfr26        00000
__Lsfr27                                       sfr27        00000
__Lsfr28                                       sfr28        00000
__Lsfr29                                       sfr29        00000
__Lsfr3                                        sfr3         00000
__Lsfr30                                       sfr30        00000
__Lsfr31                                       sfr31        00000
__Lsfr4                                        sfr4         00000
__Lsfr5                                        sfr5         00000
__Lsfr6                                        sfr6         00000
__Lsfr7                                        sfr7         00000
__Lsfr8                                        sfr8         00000
__Lsfr9                                        sfr9         00000
__Lspace_0                                     (abs)        00000
__Lspace_1                                     (abs)        00000
__Lspace_2                                     (abs)        00000
__Lspace_3                                     (abs)        00000
__Lspace_4                                     (abs)        00000
__Lstack                                       stack        00000
__Lstrings                                     strings      00000
__Lstringtext1                                 stringtext1  00000
__Lstringtext2                                 stringtext2  00000
__Lstringtext3                                 stringtext3  00000
__Lstringtext4                                 stringtext4  00000
__Lstringtext5                                 stringtext5  00000
__Lstringtext6                                 stringtext6  00000
__Lstringtext7                                 stringtext7  00000
__Lstringtext8                                 stringtext8  00000
__Ltext                                        text         00000
__S0                                           (abs)        002B7
__S1                                           (abs)        0007B
___heap_hi                                     (abs)        00000
___heap_lo                                     (abs)        00000
___int_sp                                      stack        00000
___latbits                                     (abs)        00003
___sp                                          stack        00000
___stackhi                                     (abs)        00000
___stacklo                                     (abs)        00000
__end_of_BUtton                                stringtext1  00204
__end_of_BUtton01                              stringtext7  002A6
__end_of_BUtton02                              stringtext5  0029C
__end_of_BUtton03                              stringtext3  00292
__end_of_BUtton11                              stringtext6  002A1
__end_of_BUtton22                              stringtext4  00297
__end_of_BUtton33                              stringtext2  0028D
__end_of_EUSART_DefaultErrorHandler            text24       002B2
__end_of_EUSART_DefaultFramingErrorHandler     text23       002B7
__end_of_EUSART_DefaultOverrunErrorHandler     text22       002AE
__end_of_EUSART_Initialize                     text7        000FC
__end_of_EUSART_Receive_ISR                    text14       00135
__end_of_EUSART_RxDataHandler                  text25       001EC
__end_of_EUSART_SetErrorHandler                text12       00288
__end_of_EUSART_SetFramingErrorHandler         text11       00282
__end_of_EUSART_SetOverrunErrorHandler         text10       0027C
__end_of_EUSART_SetRxInterruptHandler          text9        00276
__end_of_EUSART_SetTxInterruptHandler          text8        00270
__end_of_EUSART_Transmit_ISR                   text21       001BA
__end_of_INTERRUPT_InterruptManager            intentry     0003A
__end_of_OSCILLATOR_Initialize                 text6        0025E
__end_of_PIN_MANAGER_Initialize                text5        0016B
__end_of_SYSTEM_Initialize                     text1        0023D
__end_of_TMR1_CallBack                         text18       00257
__end_of_TMR1_DefaultInterruptHandler          text19       002B6
__end_of_TMR1_ISR                              text16       0024A
__end_of_TMR1_Initialize                       text3        001D3
__end_of_TMR1_SetInterruptHandler              text4        0026A
__end_of_TMR1_WriteTimer                       text17       0022D
__end_of_Tmr1_intt                             text20       00198
__end_of_WDT_Initialize                        text2        002AA
__end_of__initialization                       cinit        0004C
__end_of_addr                                  stringtext8  002B5
__end_of_main                                  maintext     0021C
__end_of_received_data                         text15       000B7
__initialization                               cinit        0003C
__pbssBANK0                                    bssBANK0     00020
__pbssCOMMON                                   bssCOMMON    00070
__pcstackBANK0                                 cstackBANK0  00052
__pcstackCOMMON                                cstackCOMMON 00078
__pintentry                                    intentry     00004
__pmaintext                                    maintext     00204
__pnvBANK0                                     nvBANK0      00043
__pstringtext1                                 stringtext1  001EC
__pstringtext2                                 stringtext2  00288
__pstringtext3                                 stringtext3  0028D
__pstringtext4                                 stringtext4  00292
__pstringtext5                                 stringtext5  00297
__pstringtext6                                 stringtext6  0029C
__pstringtext7                                 stringtext7  002A1
__pstringtext8                                 stringtext8  002B2
__ptext1                                       text1        0022D
__ptext10                                      text10       00276
__ptext11                                      text11       0027C
__ptext12                                      text12       00282
__ptext14                                      text14       000FC
__ptext15                                      text15       00050
__ptext16                                      text16       0023D
__ptext17                                      text17       0021C
__ptext18                                      text18       0024A
__ptext19                                      text19       002B5
__ptext2                                       text2        002A6
__ptext20                                      text20       0016B
__ptext21                                      text21       00198
__ptext22                                      text22       002AA
__ptext23                                      text23       002B6
__ptext24                                      text24       002AE
__ptext25                                      text25       001D3
__ptext3                                       text3        001BA
__ptext4                                       text4        00264
__ptext5                                       text5        00135
__ptext6                                       text6        00257
__ptext7                                       text7        000B7
__ptext8                                       text8        0026A
__ptext9                                       text9        00270
_eusartRxBuffer                                bssBANK0     00028
_eusartRxCount                                 bssCOMMON    00073
_eusartRxHead                                  bssCOMMON    00075
_eusartRxLastError                             bssBANK0     00042
_eusartRxStatusBuffer                          bssBANK0     00020
_eusartRxTail                                  bssCOMMON    00074
_eusartTxBuffer                                bssBANK0     00030
_eusartTxBufferRemaining                       nvBANK0      00051
_eusartTxHead                                  bssCOMMON    00077
_eusartTxTail                                  bssCOMMON    00076
_main                                          maintext     00204
_received_data                                 text15       00050
_rx_data                                       bssCOMMON    00072
_timer1ReloadVal                               nvBANK0      00045
_tt                                            bssCOMMON    00070
btemp                                          (abs)        0007E
clear_ram0                                     clrtext      0025E
end_of_initialization                          cinit        0004C
int$flags                                      (abs)        0007E
intlevel0                                      functab      00000
intlevel1                                      functab      00000
intlevel2                                      functab      00000
intlevel3                                      functab      00000
intlevel4                                      functab      00000
intlevel5                                      functab      00000
reset_vec                                      reset_vec    00000
start                                          init         0003A
start_initialization                           cinit        0003C
wtemp0                                         (abs)        0007E


MODULE INFORMATION

Module		Function		Class		Link	Load	Size
mcc_generated_files/interrupt_manager.c
		_INTERRUPT_InterruptManager		CODE           	0004	0000	54

mcc_generated_files/interrupt_manager.c estimated size: 54

mcc_generated_files/pin_manager.c
		_PIN_MANAGER_Initialize		CODE           	0135	0000	54

mcc_generated_files/pin_manager.c estimated size: 54

shared
		_BUtton11      		STRCODE        	0000	0000	0
		_addr          		STRCODE        	0000	0000	0
		__initialization		CODE           	003C	0000	16
		_BUtton        		STRCODE        	0000	0000	0
		_BUtton01      		STRCODE        	0000	0000	0
		_BUtton02      		STRCODE        	0000	0000	0
		_BUtton03      		STRCODE        	0000	0000	0
		_BUtton33      		STRCODE        	0000	0000	0
		_BUtton22      		STRCODE        	0000	0000	0

shared estimated size: 16

mcc_generated_files/mcc.c
		_WDT_Initialize		CODE           	02A6	0000	4
		_OSCILLATOR_Initialize		CODE           	0257	0000	7
		_SYSTEM_Initialize		CODE           	022D	0000	16

mcc_generated_files/mcc.c estimated size: 27

mcc_generated_files/tmr1.c
		_TMR1_Initialize		CODE           	01BA	0000	25
		_TMR1_SetInterruptHandler		CODE           	0264	0000	6
		_TMR1_DefaultInterruptHandler		CODE           	02B5	0000	1
		_TMR1_CallBack 		CODE           	024A	0000	13
		_TMR1_WriteTimer		CODE           	021C	0000	17
		_TMR1_ISR      		CODE           	023D	0000	13

mcc_generated_files/tmr1.c estimated size: 75

mcc_generated_files/eusart.c
		_EUSART_SetRxInterruptHandler		CODE           	0270	0000	6
		_EUSART_SetTxInterruptHandler		CODE           	026A	0000	6
		_EUSART_DefaultOverrunErrorHandler		CODE           	02AA	0000	4
		_EUSART_DefaultErrorHandler		CODE           	02AE	0000	4
		_EUSART_Transmit_ISR		CODE           	0198	0000	34
		_EUSART_Initialize		CODE           	00B7	0000	69
		_EUSART_SetFramingErrorHandler		CODE           	027C	0000	6
		_EUSART_SetErrorHandler		CODE           	0282	0000	6
		_EUSART_SetOverrunErrorHandler		CODE           	0276	0000	6
		_EUSART_Receive_ISR		CODE           	00FC	0000	57
		_EUSART_RxDataHandler		CODE           	01D3	0000	25
		_EUSART_DefaultFramingErrorHandler		CODE           	02B6	0000	1

mcc_generated_files/eusart.c estimated size: 224

main.c
		_main          		CODE           	0204	0000	24
		_Tmr1_intt     		CODE           	016B	0000	45
		_received_data 		CODE           	0050	0000	103

main.c estimated size: 172

